SLF4J: Class path contains multiple SLF4J bindings.
SLF4J: Found binding in [jar:file:/home/terryvanbelle/projects/vibe/2020/engine/engine.jar!/org/slf4j/impl/StaticLoggerBinder.class]
SLF4J: Found binding in [jar:file:/home/terryvanbelle/projects/vibe/2020/engine/lib/slf4j-simple-1.7.21.jar!/org/slf4j/impl/StaticLoggerBinder.class]
SLF4J: See http://www.slf4j.org/codes.html#multiple_bindings for an explanation.
SLF4J: Actual binding is of type [org.slf4j.impl.SimpleLoggerFactory]
[server] -------------------- Match Starting --------------------
[server] bot vs. g_iter5 on Climb
[A:HQ#0@1] @origin x=0 y=0
[A:HQ#0@1] @build t=1 at=[5, 37] soup=131
[B:HQ#1@1] @origin x=0 y=0
[B:HQ#1@1] @build t=1 at=[35, 3] soup=131
[A:HQ#0@2] @build t=1 at=[3, 37] soup=61
[B:HQ#1@2] @build t=1 at=[36, 1] soup=61
[A:MINER#11691@2] @miner builder=true
[A:MINER#11691@2] @explore to=[6, 39] unseen=-1
[B:MINER#11243@2] @origin x=0 y=0
[B:MINER#11243@2] @miner builder=true
[B:MINER#11243@2] @explore to=[28, 4] unseen=24
[A:MINER#11691@3] @explore to=[-5, 31] unseen=-1
[A:MINER#13758@3] @origin x=0 y=0
[A:MINER#13758@3] @miner builder=false
[A:MINER#13758@3] @explore to=[12, 36] unseen=24
[B:MINER#13097@3] @origin x=0 y=0
[B:MINER#13097@3] @miner builder=false
[B:MINER#13097@3] @explore to=[28, 4] unseen=24
[A:MINER#11691@12] @origin x=0 y=0
[B:MINER#11243@12] @deposit n=7
[A:HQ#0@13] @build t=1 at=[5, 38] soup=0
[A:MINER#11691@13] @deposit n=7
[A:MINER#13758@13] @deposit n=7
[B:MINER#13097@13] @deposit n=7
[B:HQ#1@14] @build t=1 at=[36, 2] soup=7
[B:MINER#11243@14] @deposit n=7
[A:MINER#12547@14] @miner builder=false
[A:MINER#12547@14] @explore to=[-10, 20] unseen=-1
[A:MINER#11691@15] @deposit n=7
[A:MINER#13758@15] @deposit n=7
[B:MINER#13097@15] @deposit n=7
[B:MINER#13877@15] @origin x=0 y=0
[B:MINER#13877@15] @miner builder=false
[B:MINER#13877@15] @explore to=[28, 4] unseen=24
[B:MINER#11243@16] @deposit n=7
[A:MINER#11691@17] @deposit n=7
[A:MINER#13758@17] @deposit n=7
[B:MINER#13097@18] @deposit n=7
[A:MINER#11691@19] @deposit n=7
[B:MINER#11243@19] @deposit n=7
[A:MINER#13758@19] @deposit n=7
[B:MINER#13097@20] @deposit n=7
[B:MINER#11243@21] @deposit n=7
[A:MINER#11691@22] @deposit n=7
[A:MINER#13758@22] @deposit n=7
[B:MINER#13097@22] @deposit n=7
[B:HQ#1@23] @build t=1 at=[34, 2] soup=1
[A:HQ#0@24] @build t=1 at=[5, 36] soup=10
[A:MINER#11691@24] @deposit n=7
[B:MINER#11243@24] @deposit n=7
[A:MINER#13758@24] @deposit n=7
[B:MINER#12983@24] @miner builder=false
[B:MINER#12983@24] @explore to=[21, 6] unseen=-1
[B:MINER#13097@25] @deposit n=7
[B:MINER#13877@25] @deposit n=7
[A:MINER#13826@25] @miner builder=false
[A:MINER#13826@25] @explore to=[18, 21] unseen=-1
[A:MINER#11691@26] @deposit n=7
[B:MINER#11243@26] @deposit n=7
[A:MINER#13758@26] @deposit n=7
[B:MINER#13097@27] @deposit n=7
[B:MINER#13877@27] @deposit n=7
[A:MINER#11691@28] @deposit n=7
[B:MINER#11243@28] @deposit n=7
[A:MINER#13758@28] @deposit n=7
[B:MINER#13097@30] @deposit n=7
[B:MINER#13877@30] @deposit n=7
[A:MINER#11691@31] @deposit n=7
[B:MINER#11243@31] @deposit n=7
[A:MINER#13758@31] @deposit n=7
[B:MINER#13097@32] @deposit n=7
[B:MINER#13877@32] @deposit n=7
[A:MINER#11691@33] @deposit n=7
[B:MINER#11243@33] @deposit n=7
[A:MINER#13758@33] @deposit n=7
[B:MINER#13097@34] @deposit n=7
[B:MINER#13877@34] @deposit n=7
[B:MINER#12983@34] @origin x=0 y=0
[A:MINER#11691@35] @deposit n=7
[A:MINER#13758@35] @deposit n=7
[B:MINER#12983@35] @deposit n=7
[A:MINER#13826@35] @origin x=0 y=0
[B:MINER#11243@36] @deposit n=7
[A:MINER#12547@36] @deposit n=70
[A:MINER#13826@36] @deposit n=7
[A:MINER#11691@37] @deposit n=7
[A:MINER#13758@37] @deposit n=7
[B:MINER#13097@37] @deposit n=7
[B:MINER#13877@37] @deposit n=7
[B:MINER#11243@38] @deposit n=7
[B:MINER#12983@38] @deposit n=7
[A:MINER#13826@38] @deposit n=7
[B:MINER#13097@39] @deposit n=7
[A:MINER#12547@39] @deposit n=7
[B:MINER#13877@39] @deposit n=7
[A:MINER#11691@40] @deposit n=7
[A:MINER#13758@40] @deposit n=7
[B:MINER#12983@40] @deposit n=7
[B:MINER#11243@41] @deposit n=7
[A:MINER#12547@41] @deposit n=7
[A:MINER#13826@41] @deposit n=7
[A:HQ#0@42] @build t=1 at=[3, 36] soup=140
[B:MINER#13097@42] @deposit n=7
[B:MINER#13877@42] @deposit n=7
[B:HQ#1@43] @build t=1 at=[34, 2] soup=131
[A:MINER#13758@43] @deposit n=7
[B:MINER#12983@43] @deposit n=7
[A:MINER#13826@43] @deposit n=7
[A:MINER#12659@43] @origin x=0 y=0
[A:MINER#12659@43] @miner builder=false
[A:MINER#12659@43] @explore to=[4, 28] unseen=24
[A:MINER#12547@44] @deposit n=7
[B:MINER#13877@44] @deposit n=7
[B:MINER#10880@44] @miner builder=false
[B:MINER#10880@44] @explore to=[51, -14] unseen=-1
[A:MINER#13758@45] @deposit n=7
[B:MINER#13097@45] @deposit n=7
[B:MINER#12983@45] @deposit n=7
[A:MINER#12547@46] @deposit n=7
[A:MINER#13826@46] @deposit n=7
[A:HQ#0@47] @build t=1 at=[5, 36] soup=135
[B:MINER#13097@47] @deposit n=7
[B:MINER#13877@47] @deposit n=7
[A:MINER#11691@48] @deposit n=21
[A:MINER#13758@48] @deposit n=7
[B:MINER#12983@48] @deposit n=7
[A:MINER#13826@48] @deposit n=7
[A:MINER#13431@48] @miner builder=false
[A:MINER#13431@48] @explore to=[13, 50] unseen=-1
[B:MINER#11243@49] @build t=2 at=[34, 0] soup=0
[B:MINER#13097@49] @offring
[A:MINER#12547@49] @deposit n=7
[B:MINER#13877@49] @offring
[B:MINER#12983@49] @offring slide
[A:MINER#13758@50] @deposit n=7
[B:MINER#12983@50] @offring
[B:MINER#11243@51] @deposit n=7
[A:MINER#12547@51] @deposit n=7
[A:MINER#13826@51] @deposit n=7
[A:HQ#0@52] @build t=1 at=[5, 37] soup=132
[A:MINER#11691@52] @exc battlecode.common.GameActionException: Not enough refined soup to build a robot of typeREFINERY.
[A:MINER#11691@52] @bc t=1 used=1107 max=4693 near=0 over=1
[A:MINER#13758@52] @deposit n=7
[B:MINER#11243@53] @deposit n=7
[A:MINER#13826@53] @deposit n=7
[A:MINER#12659@53] @deposit n=7
[B:MINER#10880@53] @offring
[A:MINER#13222@53] @miner builder=false
[A:MINER#13222@53] @explore to=[9, 17] unseen=-1
[A:MINER#12547@54] @deposit n=7
[B:MINER#11243@55] @deposit n=7
[A:MINER#13758@55] @deposit n=7
[A:MINER#12659@55] @deposit n=7
[A:MINER#12547@56] @deposit n=7
[A:MINER#13826@56] @deposit n=7
[A:HQ#0@58] @build t=1 at=[5, 38] soup=138
[B:MINER#11243@58] @deposit n=7
[A:MINER#13758@58] @deposit n=7
[A:MINER#13826@58] @deposit n=7
[A:MINER#12659@58] @deposit n=7
[A:MINER#12547@59] @deposit n=7
[A:MINER#10044@59] @miner builder=false
[A:MINER#10044@59] @explore to=[25, 18] unseen=-1
[B:MINER#11243@60] @deposit n=7
[A:MINER#13758@60] @deposit n=7
[A:MINER#12659@60] @deposit n=7
[A:MINER#12547@61] @deposit n=7
[A:MINER#13826@61] @deposit n=7
[B:MINER#11243@62] @deposit n=5
[A:MINER#13758@62] @deposit n=7
[A:MINER#13431@62] @origin x=0 y=0
[A:MINER#13826@63] @deposit n=7
[A:MINER#12659@63] @deposit n=7
[A:MINER#11691@64] @build t=2 at=[7, 37] soup=20
[A:MINER#11691@64] @bc t=1 used=1019 max=4693 near=0 over=2
[A:MINER#13758@64] @offring
[A:MINER#12547@64] @offring
[A:MINER#12659@64] @offring
[A:MINER#13431@64] @offring
[A:MINER#13826@65] @offring slide
[A:MINER#13826@66] @offring
[A:MINER#10044@68] @offring
[B:MINER#12983@73] @unreachable soup=[36, 2]
[A:MINER#10044@76] @origin x=0 y=0
[B:MINER#10880@77] @unreachable soup=[36, 2]
[A:MINER#13222@81] @unreachable soup=[3, 36]
[B:MINER#11243@90] @deposit n=70
[B:MINER#12983@91] @deposit n=70
[B:MINER#11243@94] @build t=4 at=[36, 0] soup=14
[A:MINER#13826@95] @deposit n=70
[B:DESIGN_SCHOOL#12952@95] @origin x=0 y=0
[A:MINER#13431@98] @deposit n=73
[A:HQ#0@100] @econ soup=155 built=8 minersSeen=8 ring=0 buried=0 sym=7
[A:HQ#0@100] @bc t=0 used=952 max=5246 near=0 over=0
[B:HQ#1@100] @econ soup=79 built=5 minersSeen=5 ring=0 buried=0 sym=7
[B:HQ#1@100] @bc t=0 used=855 max=5243 near=0 over=0
[A:MINER#11691@100] @minerstat builder=true mined=28 deposits=14 explores=2 soupMem=11 unreachable=0
[B:MINER#11243@100] @minerstat builder=true mined=29 deposits=20 explores=1 soupMem=12 unreachable=0
[A:MINER#13758@100] @minerstat builder=false mined=32 deposits=22 explores=1 soupMem=12 unreachable=0
[B:MINER#13097@100] @minerstat builder=false mined=26 deposits=15 explores=1 soupMem=12 unreachable=0
[A:MINER#12547@100] @minerstat builder=false mined=30 deposits=11 explores=1 soupMem=12 unreachable=0
[B:MINER#13877@100] @minerstat builder=false mined=20 deposits=10 explores=1 soupMem=12 unreachable=0
[B:MINER#12983@100] @minerstat builder=false mined=16 deposits=7 explores=1 soupMem=12 unreachable=1
[A:MINER#13826@100] @minerstat builder=false mined=22 deposits=13 explores=1 soupMem=10 unreachable=0
[A:MINER#12659@100] @minerstat builder=false mined=15 deposits=5 explores=1 soupMem=12 unreachable=0
[B:MINER#10880@100] @minerstat builder=false mined=0 deposits=0 explores=1 soupMem=11 unreachable=1
[A:MINER#13431@100] @minerstat builder=false mined=11 deposits=1 explores=1 soupMem=11 unreachable=0
[A:MINER#13222@100] @minerstat builder=false mined=8 deposits=0 explores=1 soupMem=8 unreachable=1
[A:MINER#10044@100] @minerstat builder=false mined=10 deposits=0 explores=1 soupMem=12 unreachable=0
[A:MINER#11691@101] @build t=4 at=[6, 38] soup=26
[B:MINER#11243@101] @bc t=1 used=4161 max=6753 near=0 over=0
[A:MINER#13758@102] @bc t=1 used=3748 max=7400 near=0 over=0
[B:MINER#13097@102] @bc t=1 used=1358 max=7437 near=0 over=0
[A:MINER#11691@103] @bc t=1 used=1296 max=5394 near=0 over=2
[A:MINER#11691@105] @deposit n=72
[A:MINER#13758@107] @deposit n=70
[A:MINER#10044@109] @deposit n=70
[A:DESIGN_SCHOOL#12062@111] @build t=6 at=[5, 37] soup=49
[B:MINER#10880@112] @unreachable soup=[36, 5]
[A:MINER#12547@113] @bc t=1 used=1220 max=4728 near=0 over=0
[A:MINER#13758@114] @explore to=[12, 28] unseen=23
[B:MINER#13877@114] @bc t=1 used=1405 max=7099 near=0 over=0
[B:MINER#12983@117] @unreachable soup=[36, 5]
[B:MINER#12983@117] @explore to=[20, 4] unseen=23
[A:MINER#13222@117] @deposit n=70
[A:DESIGN_SCHOOL#12062@118] @build t=6 at=[5, 38] soup=18
[B:MINER#12983@123] @bc t=1 used=3367 max=5263 near=0 over=0
[A:MINER#13826@124] @bc t=1 used=3249 max=4867 near=0 over=0
[B:MINER#12983@130] @deposit n=75
[B:MINER#10880@131] @unreachable soup=[39, 3]
[A:MINER#12547@132] @deposit n=70
[B:DESIGN_SCHOOL#12952@132] @build t=6 at=[35, 1] soup=20
[A:MINER#13826@134] @unreachable soup=[3, 33]
[A:MINER#12659@142] @bc t=1 used=1492 max=6876 near=0 over=0
[B:LANDSCAPER#11096@142] @seated at=[34, 1]
[B:MINER#10880@143] @bc t=1 used=931 max=6150 near=0 over=0
[A:MINER#13431@147] @bc t=1 used=4851 max=6215 near=0 over=0
[B:REFINERY#12515@149] @bc t=2 used=16 max=3948 near=0 over=0
[A:MINER#13222@152] @bc t=1 used=4345 max=6044 near=0 over=0
[A:DESIGN_SCHOOL#12062@152] @build t=6 at=[6, 39] soup=0
[A:MINER#13826@154] @deposit n=70
[A:MINER#12547@155] @unreachable soup=[3, 34]
[A:MINER#10044@158] @bc t=1 used=3579 max=5564 near=0 over=0
[B:MINER#10880@160] @deposit n=70
[B:MINER#12983@161] @unreachable soup=[39, 3]
[A:REFINERY#11005@164] @bc t=2 used=16 max=3946 near=0 over=0
[B:DESIGN_SCHOOL#12952@178] @build t=6 at=[35, 1] soup=0
[A:MINER#10044@179] @unreachable soup=[1, 34]
[A:MINER#11691@183] @unreachable soup=[1, 34]
[A:MINER#12547@185] @deposit n=70
[A:DESIGN_SCHOOL#12062@187] @build t=6 at=[6, 39] soup=15
[A:MINER#13826@192] @deposit n=75
[B:MINER#10880@192] @deposit n=70
[B:DESIGN_SCHOOL#12952@194] @bc t=4 used=633 max=4876 near=1 over=0
[A:LANDSCAPER#11374@194] @badseat [4, 38]
[A:HQ#0@200] @econ soup=113 built=8 minersSeen=6 ring=2 buried=0 sym=7
[A:HQ#0@200] @bc t=0 used=1279 max=5246 near=0 over=0
[B:HQ#1@200] @econ soup=92 built=5 minersSeen=4 ring=2 buried=0 sym=7
[B:HQ#1@200] @bc t=0 used=1076 max=5243 near=0 over=0
[A:MINER#11691@200] @minerstat builder=true mined=29 deposits=15 explores=2 soupMem=1 unreachable=1
[B:MINER#11243@200] @minerstat builder=true mined=29 deposits=20 explores=1 soupMem=12 unreachable=0
[A:MINER#13758@200] @minerstat builder=false mined=39 deposits=23 explores=2 soupMem=9 unreachable=0
[B:MINER#13097@200] @minerstat builder=false mined=26 deposits=15 explores=1 soupMem=12 unreachable=0
[A:MINER#12547@200] @minerstat builder=false mined=46 deposits=13 explores=1 soupMem=10 unreachable=1
[B:MINER#13877@200] @minerstat builder=false mined=20 deposits=10 explores=1 soupMem=12 unreachable=0
[B:MINER#12983@200] @minerstat builder=false mined=27 deposits=8 explores=2 soupMem=8 unreachable=3
[A:MINER#13826@200] @minerstat builder=false mined=43 deposits=15 explores=1 soupMem=9 unreachable=1
[A:MINER#12659@200] @minerstat builder=false mined=15 deposits=5 explores=1 soupMem=12 unreachable=0
[B:MINER#10880@200] @minerstat builder=false mined=20 deposits=2 explores=1 soupMem=8 unreachable=3
[A:MINER#13431@200] @minerstat builder=false mined=11 deposits=1 explores=1 soupMem=11 unreachable=0
[A:MINER#13222@200] @minerstat builder=false mined=10 deposits=1 explores=1 soupMem=9 unreachable=1
[A:MINER#10044@200] @minerstat builder=false mined=14 deposits=1 explores=1 soupMem=0 unreachable=1
[A:LANDSCAPER#11696@200] @wallstat seat=[5, 37] attacker=false helper=false helperDeps=0 eq=1 borrow=0 digs=36 deps=36 hqDigs=0 bury=0 elev=42
[A:LANDSCAPER#13539@200] @wallstat seat=[5, 38] attacker=false helper=false helperDeps=0 eq=0 borrow=0 digs=33 deps=33 hqDigs=0 bury=0 elev=41
[B:LANDSCAPER#11096@200] @wallstat seat=[34, 1] attacker=false helper=false helperDeps=0 eq=10 borrow=0 digs=27 deps=26 hqDigs=0 bury=0 elev=21
[A:LANDSCAPER#11374@200] @wallstat seat=[5, 36] attacker=false helper=false helperDeps=0 eq=0 borrow=0 digs=0 deps=0 hqDigs=0 bury=0 elev=70
[B:LANDSCAPER#12316@200] @wallstat seat=[35, 1] attacker=false helper=false helperDeps=0 eq=0 borrow=2 digs=2 deps=2 hqDigs=0 bury=0 elev=17
[A:LANDSCAPER#11251@200] @wallstat seat=[4, 38] attacker=false helper=false helperDeps=0 eq=0 borrow=0 digs=0 deps=0 hqDigs=0 bury=0 elev=16
[B:MINER#11243@201] @bc t=1 used=4228 max=6753 near=0 over=0
[A:DESIGN_SCHOOL#12062@201] @bc t=4 used=605 max=4464 near=0 over=0
[A:MINER#13758@202] @bc t=1 used=3884 max=7400 near=0 over=0
[B:MINER#13097@202] @bc t=1 used=2257 max=7437 near=0 over=0
[A:MINER#10044@202] @explore to=[4, 28] unseen=23
[A:MINER#11691@203] @bc t=1 used=4253 max=5723 near=0 over=2
[A:LANDSCAPER#11696@211] @bc t=6 used=1447 max=6649 near=0 over=0
[A:MINER#12547@212] @deposit n=70
[A:MINER#12547@213] @bc t=1 used=3466 max=4978 near=0 over=0
[A:DESIGN_SCHOOL#12062@213] @build t=6 at=[6, 39] soup=16
[B:MINER#13877@214] @bc t=1 used=1418 max=7099 near=0 over=0
[A:LANDSCAPER#13539@218] @bc t=6 used=1516 max=6560 near=0 over=0
[A:MINER#10044@219] @explore to=[12, 28] unseen=23
[B:MINER#12983@223] @bc t=1 used=6494 max=6613 near=0 over=0
[A:MINER#13826@224] @bc t=1 used=3479 max=4867 near=0 over=0
[B:MINER#10880@227] @deposit n=73
[A:MINER#13826@228] @deposit n=70
[B:DESIGN_SCHOOL#12952@228] @build t=6 at=[36, 1] soup=9
[B:LANDSCAPER#13550@229] @origin x=0 y=0
[A:LANDSCAPER#11251@230] @badseat [4, 38]
[B:LANDSCAPER#11096@232] @bc t=6 used=1649 max=6518 near=0 over=0
[A:MINER#10044@235] @explore to=[4, 20] unseen=23
[A:MINER#12547@241] @deposit n=73
[A:DESIGN_SCHOOL#12062@241] @build t=6 at=[6, 39] soup=13
[A:MINER#12659@242] @bc t=1 used=2021 max=6876 near=0 over=0
[B:MINER#10880@243] @bc t=1 used=987 max=6150 near=0 over=0
[A:MINER#13758@246] @climb to=[2, 38] e=2
[B:MINER#13877@246] @climb to=[37, 1] e=2
[B:MINER#13097@247] @climb to=[39, 1] e=1
[A:MINER#13431@247] @bc t=1 used=6283 max=6319 near=0 over=0
[A:MINER#10044@247] @explore to=[20, 36] unseen=23
[B:MINER#13097@248] @climb to=[38, 2] e=2
[A:MINER#12659@248] @climb to=[0, 37] e=2
[B:REFINERY#12515@249] @bc t=2 used=16 max=3948 near=0 over=0
[A:MINER#12659@250] @climb to=[0, 37] e=2
[B:MINER#13097@251] @climb to=[38, 2] e=2
[A:MINER#13758@252] @climb to=[2, 37] e=2
[A:MINER#13222@252] @bc t=1 used=4497 max=6044 near=0 over=0
[A:LANDSCAPER#11374@252] @bc t=6 used=1165 max=6768 near=0 over=0
[A:MINER#10044@253] @climb to=[0, 37] e=2
[A:MINER#13758@254] @climb to=[1, 37] e=2
[B:MINER#13877@254] @climb to=[38, 2] e=2
[A:LANDSCAPER#11374@254] @badseat [5, 36]
[A:MINER#10044@255] @climb to=[0, 37] e=2
[A:MINER#13758@256] @climb to=[1, 37] e=2
[A:MINER#12547@257] @unreachable soup=[14, 34]
[B:MINER#10880@261] @deposit n=70
[A:REFINERY#11005@264] @bc t=2 used=16 max=3946 near=0 over=0
[A:LANDSCAPER#12701@266] @badseat [4, 38]
[A:MINER#13826@268] @deposit n=75
[B:DESIGN_SCHOOL#12952@268] @build t=6 at=[37, 1] soup=0
[B:LANDSCAPER#12094@269] @origin x=0 y=0
[A:DESIGN_SCHOOL#12062@270] @build t=6 at=[6, 39] soup=4
[B:LANDSCAPER#12316@278] @bc t=6 used=1858 max=6460 near=0 over=0
[B:LANDSCAPER#12094@278] @seated at=[36, 2]
[A:MINER#12547@283] @deposit n=70
[A:LANDSCAPER#11251@287] @bc t=6 used=1229 max=6602 near=0 over=0
[B:DESIGN_SCHOOL#12952@294] @bc t=4 used=748 max=4876 near=1 over=0
[A:LANDSCAPER#11251@294] @badseat [5, 36]
[A:LANDSCAPER#10664@296] @badseat [4, 38]
[A:HQ#0@300] @econ soup=119 built=8 minersSeen=5 ring=2 buried=0 sym=7
[A:HQ#0@300] @bc t=0 used=1107 max=5246 near=0 over=0
[B:HQ#1@300] @econ soup=31 built=5 minersSeen=3 ring=4 buried=0 sym=7
[B:HQ#1@300] @bc t=0 used=1282 max=5243 near=0 over=0
[A:MINER#11691@300] @minerstat builder=true mined=29 deposits=15 explores=2 soupMem=1 unreachable=1
[B:MINER#11243@300] @minerstat builder=true mined=29 deposits=20 explores=1 soupMem=12 unreachable=0
[A:MINER#13758@300] @minerstat builder=false mined=39 deposits=23 explores=2 soupMem=9 unreachable=0
[B:MINER#13097@300] @minerstat builder=false mined=26 deposits=15 explores=1 soupMem=12 unreachable=0
[A:MINER#12547@300] @minerstat builder=false mined=71 deposits=16 explores=1 soupMem=3 unreachable=2
[B:MINER#12983@300] @minerstat builder=false mined=27 deposits=8 explores=2 soupMem=8 unreachable=3
[A:MINER#13826@300] @minerstat builder=false mined=66 deposits=17 explores=1 soupMem=6 unreachable=1
[A:MINER#12659@300] @minerstat builder=false mined=15 deposits=5 explores=1 soupMem=12 unreachable=0
[B:MINER#10880@300] @minerstat builder=false mined=47 deposits=4 explores=1 soupMem=5 unreachable=3
[A:MINER#13431@300] @minerstat builder=false mined=11 deposits=1 explores=1 soupMem=11 unreachable=0
[A:MINER#13222@300] @minerstat builder=false mined=10 deposits=1 explores=1 soupMem=9 unreachable=1
[A:LANDSCAPER#11696@300] @wallstat seat=[5, 37] attacker=false helper=false helperDeps=0 eq=1 borrow=0 digs=81 deps=81 hqDigs=0 bury=0 elev=87
[A:LANDSCAPER#13539@300] @wallstat seat=[5, 38] attacker=false helper=false helperDeps=0 eq=0 borrow=0 digs=78 deps=77 hqDigs=0 bury=0 elev=85
[B:LANDSCAPER#11096@300] @wallstat seat=[34, 1] attacker=false helper=false helperDeps=0 eq=34 borrow=0 digs=72 deps=72 hqDigs=0 bury=0 elev=43
[A:LANDSCAPER#11374@300] @wallstat seat=[4, 36] attacker=false helper=false helperDeps=0 eq=0 borrow=0 digs=0 deps=0 hqDigs=0 bury=0 elev=34
[B:LANDSCAPER#12316@300] @wallstat seat=[35, 1] attacker=false helper=false helperDeps=0 eq=0 borrow=2 digs=2 deps=2 hqDigs=0 bury=0 elev=40
[A:LANDSCAPER#11251@300] @wallstat seat=[5, 37] attacker=false helper=false helperDeps=0 eq=0 borrow=0 digs=0 deps=0 hqDigs=0 bury=0 elev=67
[A:LANDSCAPER#12701@300] @wallstat seat=[5, 36] attacker=false helper=false helperDeps=0 eq=0 borrow=0 digs=0 deps=0 hqDigs=0 bury=0 elev=79
[B:LANDSCAPER#13550@300] @wallstat seat=[36, 1] attacker=false helper=false helperDeps=0 eq=8 borrow=0 digs=29 deps=28 hqDigs=0 bury=0 elev=22
[A:LANDSCAPER#10664@300] @wallstat seat=[5, 38] attacker=false helper=false helperDeps=0 eq=0 borrow=0 digs=0 deps=0 hqDigs=0 bury=0 elev=64
[B:LANDSCAPER#12094@300] @wallstat seat=[36, 2] attacker=false helper=false helperDeps=0 eq=0 borrow=0 digs=10 deps=10 hqDigs=0 bury=0 elev=20
[A:LANDSCAPER#12226@300] @wallstat seat=[4, 38] attacker=false helper=false helperDeps=0 eq=0 borrow=0 digs=0 deps=0 hqDigs=0 bury=0 elev=40
[B:MINER#11243@301] @bc t=1 used=4146 max=6753 near=0 over=0
[A:DESIGN_SCHOOL#12062@301] @bc t=4 used=609 max=4464 near=0 over=0
[A:MINER#13758@302] @bc t=1 used=5686 max=7400 near=0 over=0
[B:MINER#13097@302] @bc t=1 used=1588 max=7437 near=0 over=0
[A:MINER#11691@303] @bc t=1 used=4367 max=5723 near=0 over=2
[A:MINER#12547@303] @unreachable soup=[16, 31]
[A:LANDSCAPER#12701@304] @badseat [5, 36]
[A:MINER#13826@306] @unreachable soup=[14, 34]
[A:LANDSCAPER#11374@310] @badseat [4, 36]
[A:LANDSCAPER#11696@311] @bc t=6 used=1369 max=6649 near=0 over=0
[A:MINER#12547@313] @bc t=1 used=3001 max=4978 near=0 over=0
[B:MINER#10880@313] @unreachable soup=[25, 5]
[A:LANDSCAPER#12701@313] @bc t=6 used=2247 max=6725 near=0 over=0
[A:LANDSCAPER#12226@314] @badseat [4, 38]
[A:LANDSCAPER#13539@318] @bc t=6 used=1770 max=6560 near=0 over=0
[B:MINER#12983@323] @bc t=1 used=5183 max=7321 near=0 over=0
[A:MINER#13826@324] @bc t=1 used=3161 max=5240 near=0 over=0
[B:LANDSCAPER#13550@328] @bc t=6 used=1999 max=7101 near=0 over=0
[A:DESIGN_SCHOOL#12062@332] @build t=6 at=[6, 39] soup=0
[B:LANDSCAPER#11096@332] @bc t=6 used=1568 max=6518 near=0 over=0
[A:MINER#13826@333] @deposit n=75
[B:MINER#10880@337] @deposit n=75
[A:LANDSCAPER#10664@341] @bc t=6 used=1614 max=6805 near=0 over=0
[A:MINER#12659@342] @bc t=1 used=1576 max=6876 near=0 over=0
[B:MINER#10880@343] @bc t=1 used=2614 max=6150 near=0 over=0
[B:DESIGN_SCHOOL#12952@345] @build t=6 at=[37, 1] soup=0
[B:LANDSCAPER#11086@346] @origin x=0 y=0
[A:MINER#13431@347] @bc t=1 used=4975 max=6613 near=0 over=0
[A:LANDSCAPER#12226@348] @badseat [4, 36]
[B:REFINERY#12515@349] @bc t=2 used=16 max=3948 near=0 over=0
[A:LANDSCAPER#11374@350] @badseat [3, 37]
[A:MINER#13222@352] @bc t=1 used=4378 max=6044 near=0 over=0
[A:LANDSCAPER#11374@352] @bc t=6 used=2278 max=6768 near=0 over=0
[A:LANDSCAPER#11251@352] @badseat [4, 36]
[A:LANDSCAPER#10664@353] @badseat [4, 36]
[B:LANDSCAPER#11086@358] @seated at=[36, 3]
[A:REFINERY#11005@364] @bc t=2 used=16 max=3946 near=0 over=0
[B:LANDSCAPER#12094@368] @bc t=6 used=1588 max=7126 near=0 over=0
[B:MINER#10880@369] @deposit n=70
[A:LANDSCAPER#12701@370] @badseat [4, 36]
[A:LANDSCAPER#12226@370] @bc t=6 used=2173 max=7002 near=0 over=0
[A:LANDSCAPER#10447@375] @badseat [4, 38]
[B:LANDSCAPER#12316@378] @bc t=6 used=1934 max=6460 near=0 over=0
[A:LANDSCAPER#11251@387] @bc t=6 used=1653 max=6602 near=0 over=0
[A:LANDSCAPER#10664@389] @badseat [3, 38]
[B:DESIGN_SCHOOL#12952@394] @bc t=4 used=822 max=4876 near=1 over=0
[B:MINER#10880@399] @unreachable soup=[23, 8]
[A:HQ#0@400] @econ soup=142 built=8 minersSeen=6 ring=2 buried=0 sym=7
[A:HQ#0@400] @bc t=0 used=1285 max=5246 near=0 over=0
[B:HQ#1@400] @econ soup=123 built=5 minersSeen=3 ring=5 buried=0 sym=7
[B:HQ#1@400] @bc t=0 used=1407 max=5243 near=0 over=0
[A:MINER#11691@400] @minerstat builder=true mined=29 deposits=15 explores=2 soupMem=1 unreachable=1
[B:MINER#11243@400] @minerstat builder=true mined=29 deposits=20 explores=1 soupMem=12 unreachable=0
[A:MINER#13758@400] @minerstat builder=false mined=39 deposits=23 explores=2 soupMem=9 unreachable=0
[B:MINER#13097@400] @minerstat builder=false mined=26 deposits=15 explores=1 soupMem=12 unreachable=0
[A:MINER#12547@400] @minerstat builder=false mined=71 deposits=16 explores=1 soupMem=2 unreachable=3
[B:MINER#12983@400] @minerstat builder=false mined=27 deposits=8 explores=2 soupMem=8 unreachable=3
[A:MINER#13826@400] @minerstat builder=false mined=83 deposits=18 explores=1 soupMem=10 unreachable=2
[A:MINER#12659@400] @minerstat builder=false mined=15 deposits=5 explores=1 soupMem=12 unreachable=0
[B:MINER#10880@400] @minerstat builder=false mined=64 deposits=6 explores=1 soupMem=4 unreachable=5
[A:MINER#13431@400] @minerstat builder=false mined=11 deposits=1 explores=1 soupMem=11 unreachable=0
[A:MINER#13222@400] @minerstat builder=false mined=10 deposits=1 explores=1 soupMem=9 unreachable=1
[A:LANDSCAPER#11696@400] @wallstat seat=[5, 37] attacker=false helper=false helperDeps=0 eq=1 borrow=0 digs=127 deps=126 hqDigs=0 bury=0 elev=132
[A:LANDSCAPER#13539@400] @wallstat seat=[5, 38] attacker=false helper=false helperDeps=0 eq=0 borrow=0 digs=124 deps=123 hqDigs=0 bury=0 elev=131
[B:LANDSCAPER#11096@400] @wallstat seat=[34, 1] attacker=false helper=false helperDeps=0 eq=57 borrow=0 digs=118 deps=117 hqDigs=0 bury=0 elev=65
[A:LANDSCAPER#11374@400] @wallstat seat=[3, 38] attacker=false helper=false helperDeps=0 eq=0 borrow=0 digs=0 deps=0 hqDigs=0 bury=0 elev=64
[B:LANDSCAPER#12316@400] @wallstat seat=[35, 1] attacker=false helper=false helperDeps=0 eq=0 borrow=2 digs=2 deps=2 hqDigs=0 bury=0 elev=63
[A:LANDSCAPER#11251@400] @wallstat seat=[3, 37] attacker=false helper=false helperDeps=0 eq=0 borrow=0 digs=0 deps=0 hqDigs=0 bury=0 elev=58
[A:LANDSCAPER#12701@400] @wallstat seat=[3, 37] attacker=false helper=false helperDeps=0 eq=0 borrow=0 digs=0 deps=0 hqDigs=0 bury=0 elev=16
[B:LANDSCAPER#13550@400] @wallstat seat=[36, 1] attacker=false helper=false helperDeps=0 eq=17 borrow=0 digs=74 deps=74 hqDigs=0 bury=0 elev=59
[A:LANDSCAPER#10664@400] @wallstat seat=[5, 38] attacker=false helper=false helperDeps=0 eq=0 borrow=0 digs=0 deps=0 hqDigs=0 bury=0 elev=46
[B:LANDSCAPER#12094@400] @wallstat seat=[36, 2] attacker=false helper=false helperDeps=0 eq=18 borrow=0 digs=56 deps=55 hqDigs=0 bury=0 elev=56
[A:LANDSCAPER#12226@400] @wallstat seat=[5, 36] attacker=false helper=false helperDeps=0 eq=0 borrow=0 digs=0 deps=0 hqDigs=0 bury=0 elev=70
[A:LANDSCAPER#10447@400] @wallstat seat=[5, 36] attacker=false helper=false helperDeps=0 eq=0 borrow=0 digs=0 deps=0 hqDigs=0 bury=0 elev=31
[B:LANDSCAPER#11086@400] @wallstat seat=[36, 3] attacker=false helper=false helperDeps=0 eq=0 borrow=0 digs=19 deps=18 hqDigs=0 bury=0 elev=38
[B:MINER#11243@401] @bc t=1 used=4230 max=6753 near=0 over=0
[A:DESIGN_SCHOOL#12062@401] @bc t=4 used=688 max=4464 near=0 over=0
[A:MINER#13758@402] @bc t=1 used=4744 max=7400 near=0 over=0
[B:MINER#13097@402] @bc t=1 used=1791 max=7437 near=0 over=0
[A:MINER#13826@402] @unreachable soup=[24, 34]
[A:MINER#11691@403] @bc t=1 used=5274 max=5723 near=0 over=2
[A:LANDSCAPER#12226@406] @badseat [5, 36]
[A:LANDSCAPER#11374@410] @badseat [3, 38]
[A:LANDSCAPER#11251@410] @badseat [3, 37]
[A:LANDSCAPER#11696@411] @bc t=6 used=2115 max=6649 near=0 over=0
[A:LANDSCAPER#10447@412] @badseat [5, 36]
[A:MINER#12547@413] @bc t=1 used=4436 max=6245 near=0 over=0
[A:LANDSCAPER#12701@413] @bc t=6 used=1321 max=6725 near=0 over=0
[A:LANDSCAPER#13539@418] @bc t=6 used=1814 max=6560 near=0 over=0
[B:MINER#12983@423] @bc t=1 used=6732 max=7321 near=0 over=0
[A:MINER#13826@424] @bc t=1 used=3395 max=5240 near=0 over=0
[A:LANDSCAPER#12701@425] @badseat [3, 37]
[B:DESIGN_SCHOOL#12952@428] @build t=6 at=[37, 1] soup=0
[B:LANDSCAPER#13550@428] @bc t=6 used=1700 max=7101 near=0 over=0
[B:LANDSCAPER#10474@429] @origin x=0 y=0
[B:LANDSCAPER#11096@432] @bc t=6 used=1755 max=6518 near=0 over=0
[A:LANDSCAPER#10447@432] @bc t=6 used=2092 max=6926 near=0 over=0
[B:MINER#10880@438] @deposit n=75
[A:MINER#13826@441] @deposit n=75
[A:LANDSCAPER#10664@441] @bc t=6 used=1165 max=6805 near=0 over=0
[A:HQ#0@442] @build t=1 at=[3, 37] soup=133
[A:MINER#12659@442] @bc t=1 used=2731 max=6876 near=0 over=0
[B:MINER#10880@443] @bc t=1 used=2811 max=6150 near=0 over=0
[A:MINER#12467@443] @origin x=0 y=0
[A:MINER#12467@443] @miner builder=false
[A:MINER#12467@443] @explore to=[4, 28] unseen=24
[A:LANDSCAPER#10664@445] @badseat [3, 37]
[B:LANDSCAPER#11086@445] @bc t=6 used=1866 max=7342 near=0 over=0
[A:MINER#13431@447] @bc t=1 used=6489 max=6898 near=0 over=0
[B:REFINERY#12515@449] @bc t=2 used=16 max=3948 near=0 over=0
[A:MINER#13222@452] @bc t=1 used=4423 max=6044 near=0 over=0
[A:LANDSCAPER#11374@452] @bc t=6 used=1620 max=6768 near=0 over=0
[A:MINER#12467@452] @offring
[A:MINER#13758@454] @climb to=[2, 38] e=2
[B:MINER#13097@454] @climb to=[37, 3] e=2
[A:LANDSCAPER#12226@454] @badseat [3, 37]
[B:LANDSCAPER#10474@454] @climb to=[38, 2] e=2
[A:MINER#12467@454] @climb to=[1, 37] e=2
[A:MINER#13758@455] @climb to=[2, 37] e=2
[B:MINER#13097@455] @climb to=[38, 3] e=2
[B:LANDSCAPER#10474@455] @climb to=[37, 3] e=2
[A:MINER#12467@455] @climb to=[0, 37] e=2
[A:MINER#13758@456] @climb to=[1, 37] e=2
[B:MINER#13097@456] @climb to=[38, 2] e=2
[B:LANDSCAPER#10474@456] @climb to=[38, 3] e=2
[A:MINER#12467@456] @climb to=[0, 36] e=2
[A:MINER#13758@457] @climb to=[0, 37] e=2
[B:MINER#13097@457] @climb to=[37, 3] e=2
[B:LANDSCAPER#10474@457] @climb to=[38, 2] e=2
[A:MINER#13758@458] @climb to=[0, 36] e=2
[B:MINER#13097@458] @climb to=[38, 3] e=2
[B:LANDSCAPER#10474@458] @climb to=[37, 3] e=2
[B:MINER#13097@459] @climb to=[38, 2] e=2
[B:LANDSCAPER#10474@459] @climb to=[38, 3] e=2
[A:MINER#12467@459] @climb to=[2, 36] e=2
[B:MINER#13097@460] @climb to=[37, 3] e=2
[A:MINER#12659@460] @climb to=[0, 36] e=2
[B:LANDSCAPER#10474@460] @climb to=[38, 2] e=2
[A:MINER#13758@461] @climb to=[1, 36] e=2
[B:MINER#13097@461] @climb to=[38, 3] e=2
[B:LANDSCAPER#10474@461] @climb to=[37, 3] e=2
[A:MINER#12467@461] @climb to=[1, 37] e=2
[B:MINER#13097@462] @climb to=[38, 2] e=2
[A:MINER#12659@462] @climb to=[0, 36] e=2
[A:MINER#12467@462] @climb to=[0, 37] e=2
[B:MINER#13097@463] @climb to=[37, 1] e=2
[B:LANDSCAPER#10474@463] @climb to=[38, 2] e=2
[A:MINER#13758@464] @climb to=[1, 37] e=2
[A:REFINERY#11005@464] @bc t=2 used=16 max=3946 near=0 over=0
[A:LANDSCAPER#10447@464] @badseat [4, 36]
[B:LANDSCAPER#10474@464] @climb to=[37, 3] e=2
[A:MINER#12467@464] @climb to=[0, 36] e=2
[A:MINER#12659@465] @climb to=[1, 36] e=2
[B:LANDSCAPER#12094@468] @bc t=6 used=775 max=7126 near=0 over=0
[A:LANDSCAPER#12226@470] @bc t=6 used=2097 max=7002 near=0 over=0
[A:LANDSCAPER#11374@474] @badseat [3, 36]
[A:LANDSCAPER#11251@475] @badseat [3, 38]
[B:LANDSCAPER#12316@478] @bc t=6 used=1549 max=6460 near=0 over=0
[A:LANDSCAPER#12701@486] @badseat [3, 36]
[A:LANDSCAPER#11251@487] @bc t=6 used=1177 max=6602 near=0 over=0
[A:LANDSCAPER#11374@497] @helper post=[4, 35]
[A:HQ#0@500] @econ soup=244 built=9 minersSeen=3 ring=2 buried=0 sym=7
[A:HQ#0@500] @bc t=0 used=1238 max=5246 near=0 over=0
[B:HQ#1@500] @econ soup=145 built=5 minersSeen=2 ring=5 buried=0 sym=7
[B:HQ#1@500] @bc t=0 used=1301 max=5243 near=0 over=0
[B:MINER#11243@500] @minerstat builder=true mined=29 deposits=20 explores=1 soupMem=12 unreachable=0
[A:MINER#12547@500] @minerstat builder=false mined=71 deposits=16 explores=1 soupMem=2 unreachable=3
[B:MINER#12983@500] @minerstat builder=false mined=27 deposits=8 explores=2 soupMem=8 unreachable=3
[A:MINER#13826@500] @minerstat builder=false mined=96 deposits=19 explores=1 soupMem=11 unreachable=3
[B:MINER#10880@500] @minerstat builder=false mined=81 deposits=7 explores=1 soupMem=3 unreachable=5
[A:MINER#13431@500] @minerstat builder=false mined=11 deposits=1 explores=1 soupMem=11 unreachable=0
[A:MINER#13222@500] @minerstat builder=false mined=10 deposits=1 explores=1 soupMem=9 unreachable=1
[A:LANDSCAPER#11696@500] @wallstat seat=[5, 37] attacker=false helper=false helperDeps=0 eq=47 borrow=0 digs=172 deps=172 hqDigs=0 bury=0 elev=132
[A:LANDSCAPER#13539@500] @wallstat seat=[5, 38] attacker=false helper=false helperDeps=0 eq=46 borrow=0 digs=169 deps=169 hqDigs=0 bury=0 elev=131
[B:LANDSCAPER#11096@500] @wallstat seat=[34, 1] attacker=false helper=false helperDeps=0 eq=100 borrow=0 digs=163 deps=163 hqDigs=0 bury=0 elev=68
[A:LANDSCAPER#11374@500] @wallstat seat=null attacker=false helper=true helperDeps=0 eq=0 borrow=0 digs=0 deps=0 hqDigs=0 bury=0 elev=13
[B:LANDSCAPER#12316@500] @wallstat seat=[35, 1] attacker=false helper=false helperDeps=0 eq=16 borrow=2 digs=19 deps=18 hqDigs=0 bury=0 elev=74
[A:LANDSCAPER#11251@500] @wallstat seat=[3, 36] attacker=false helper=false helperDeps=0 eq=0 borrow=0 digs=0 deps=0 hqDigs=0 bury=0 elev=31
[A:LANDSCAPER#12701@500] @wallstat seat=[5, 37] attacker=false helper=false helperDeps=0 eq=0 borrow=0 digs=0 deps=0 hqDigs=0 bury=0 elev=46
[B:LANDSCAPER#13550@500] @wallstat seat=[36, 1] attacker=false helper=false helperDeps=0 eq=45 borrow=0 digs=120 deps=119 hqDigs=0 bury=0 elev=76
[A:LANDSCAPER#10664@500] @wallstat seat=[5, 36] attacker=false helper=false helperDeps=0 eq=0 borrow=0 digs=0 deps=0 hqDigs=0 bury=0 elev=19
[B:LANDSCAPER#12094@500] @wallstat seat=[36, 2] attacker=false helper=false helperDeps=0 eq=64 borrow=0 digs=101 deps=101 hqDigs=0 bury=0 elev=74
[A:LANDSCAPER#12226@500] @wallstat seat=[3, 38] attacker=false helper=false helperDeps=0 eq=0 borrow=0 digs=0 deps=0 hqDigs=0 bury=0 elev=49
[A:LANDSCAPER#10447@500] @wallstat seat=[3, 37] attacker=false helper=false helperDeps=0 eq=0 borrow=0 digs=0 deps=0 hqDigs=0 bury=0 elev=31
[B:LANDSCAPER#11086@500] @wallstat seat=[36, 3] attacker=false helper=false helperDeps=0 eq=16 borrow=0 digs=64 deps=64 hqDigs=0 bury=0 elev=68
[B:MINER#11243@501] @bc t=1 used=4255 max=6753 near=0 over=0
[B:MINER#10880@501] @unreachable soup=[15, 5]
[A:DESIGN_SCHOOL#12062@501] @bc t=4 used=680 max=4464 near=0 over=0
[A:MINER#13826@509] @deposit n=70
[A:LANDSCAPER#10664@509] @badseat [5, 36]
[A:LANDSCAPER#11696@511] @bc t=6 used=1517 max=6649 near=0 over=0
[A:MINER#12547@513] @bc t=1 used=4400 max=6246 near=0 over=0
[A:LANDSCAPER#12701@513] @bc t=6 used=2404 max=6725 near=0 over=0
[A:LANDSCAPER#11251@514] @badseat [3, 36]
[A:LANDSCAPER#12226@515] @badseat [3, 38]
[B:MINER#10880@516] @deposit n=54
[B:HQ#1@518] @build t=1 at=[34, 3] soup=133
[A:LANDSCAPER#13539@518] @bc t=6 used=1527 max=6560 near=0 over=0
[B:MINER#13569@519] @miner builder=false
[B:MINER#13569@519] @explore to=[45, 1] unseen=-1
[A:LANDSCAPER#11251@521] @helper post=[4, 35]
[A:LANDSCAPER#10447@522] @badseat [3, 37]
[B:MINER#12983@523] @bc t=1 used=5089 max=7321 near=0 over=0
[A:MINER#13826@524] @bc t=1 used=3581 max=5344 near=0 over=0
[B:LANDSCAPER#13550@528] @bc t=6 used=1649 max=7101 near=0 over=0
[B:MINER#10880@529] @explore to=[28, 12] unseen=21
[B:LANDSCAPER#11096@532] @bc t=6 used=1791 max=6518 near=0 over=0
[A:LANDSCAPER#10447@532] @bc t=6 used=2479 max=6926 near=0 over=0
[A:LANDSCAPER#11374@533] @badpost [4, 35]
[A:LANDSCAPER#10664@541] @bc t=6 used=1361 max=6805 near=0 over=0
[B:MINER#10880@543] @explore to=[36, 12] unseen=21
[B:MINER#10880@543] @bc t=1 used=4401 max=6150 near=0 over=0
[A:LANDSCAPER#10664@545] @badseat [3, 36]
[B:LANDSCAPER#11086@545] @bc t=6 used=1738 max=7342 near=0 over=0
[A:LANDSCAPER#12701@546] @badseat [3, 38]
[A:MINER#13431@547] @bc t=1 used=4663 max=6898 near=0 over=0
[B:REFINERY#12515@549] @bc t=2 used=16 max=3948 near=0 over=0
[A:MINER#13222@552] @bc t=1 used=4354 max=6044 near=0 over=0
[A:LANDSCAPER#11374@552] @bc t=6 used=2197 max=6768 near=0 over=0
[B:MINER#10880@557] @explore to=[20, 12] unseen=21
[A:LANDSCAPER#11251@557] @badpost [4, 35]
[A:REFINERY#11005@564] @bc t=2 used=16 max=3946 near=0 over=0
[B:LANDSCAPER#12094@568] @bc t=6 used=2289 max=7126 near=0 over=0
[A:LANDSCAPER#12226@570] @bc t=6 used=880 max=7002 near=0 over=0
[A:LANDSCAPER#10664@571] @helper post=[5, 35]
[A:LANDSCAPER#12701@572] @helper post=[4, 39]
[B:LANDSCAPER#12316@578] @bc t=6 used=2150 max=6460 near=0 over=0
[A:LANDSCAPER#12226@579] @badseat [3, 36]
[A:LANDSCAPER#12226@580] @helper post=[4, 35]
[A:MINER#13826@582] @deposit n=75
[B:MINER#10880@583] @explore to=[28, 20] unseen=21
[A:DESIGN_SCHOOL#12062@584] @build t=6 at=[7, 38] soup=306
[A:LANDSCAPER#10447@584] @badseat [3, 38]
[A:LANDSCAPER#11251@587] @bc t=6 used=2085 max=6602 near=0 over=0
[A:LANDSCAPER#11374@589] @badpost [6, 36]
[B:MINER#10880@595] @explore to=[36, 20] unseen=21
[A:HQ#0@600] @econ soup=337 built=9 minersSeen=3 ring=2 buried=0 sym=7
[A:HQ#0@600] @bc t=0 used=1830 max=5246 near=0 over=0
[B:HQ#1@600] @econ soup=227 built=6 minersSeen=4 ring=5 buried=0 sym=7
[B:HQ#1@600] @bc t=0 used=1604 max=5243 near=0 over=0
[B:MINER#11243@600] @minerstat builder=true mined=29 deposits=20 explores=1 soupMem=12 unreachable=0
[A:MINER#12547@600] @minerstat builder=false mined=71 deposits=16 explores=1 soupMem=2 unreachable=3
[B:MINER#12983@600] @minerstat builder=false mined=27 deposits=8 explores=2 soupMem=8 unreachable=3
[A:MINER#13826@600] @minerstat builder=false mined=107 deposits=21 explores=1 soupMem=12 unreachable=3
[B:MINER#10880@600] @minerstat builder=false mined=81 deposits=8 explores=6 soupMem=0 unreachable=6
[A:MINER#13431@600] @minerstat builder=false mined=11 deposits=1 explores=1 soupMem=11 unreachable=0
[A:MINER#13222@600] @minerstat builder=false mined=10 deposits=1 explores=1 soupMem=9 unreachable=1
[A:LANDSCAPER#11696@600] @wallstat seat=[5, 37] attacker=false helper=false helperDeps=0 eq=92 borrow=0 digs=217 deps=217 hqDigs=0 bury=0 elev=132
[A:LANDSCAPER#13539@600] @wallstat seat=[5, 38] attacker=false helper=false helperDeps=0 eq=91 borrow=0 digs=214 deps=214 hqDigs=0 bury=0 elev=131
[B:LANDSCAPER#11096@600] @wallstat seat=[34, 1] attacker=false helper=false helperDeps=0 eq=111 borrow=0 digs=209 deps=208 hqDigs=0 bury=0 elev=102
[A:LANDSCAPER#11374@600] @wallstat seat=null attacker=false helper=true helperDeps=0 eq=0 borrow=0 digs=0 deps=0 hqDigs=0 bury=0 elev=19
[B:LANDSCAPER#12316@600] @wallstat seat=[35, 1] attacker=false helper=false helperDeps=0 eq=39 borrow=2 digs=64 deps=63 hqDigs=0 bury=0 elev=103
[A:LANDSCAPER#11251@600] @wallstat seat=null attacker=false helper=true helperDeps=0 eq=0 borrow=0 digs=0 deps=0 hqDigs=0 bury=0 elev=52
[A:LANDSCAPER#12701@600] @wallstat seat=null attacker=false helper=true helperDeps=0 eq=0 borrow=0 digs=0 deps=0 hqDigs=0 bury=0 elev=43
[B:LANDSCAPER#13550@600] @wallstat seat=[36, 1] attacker=false helper=false helperDeps=0 eq=62 borrow=0 digs=165 deps=165 hqDigs=0 bury=0 elev=105
[A:LANDSCAPER#10664@600] @wallstat seat=null attacker=false helper=true helperDeps=0 eq=0 borrow=0 digs=0 deps=0 hqDigs=0 bury=0 elev=13
[B:LANDSCAPER#12094@600] @wallstat seat=[36, 2] attacker=false helper=false helperDeps=0 eq=89 borrow=0 digs=147 deps=146 hqDigs=0 bury=0 elev=103
[A:LANDSCAPER#12226@600] @wallstat seat=null attacker=false helper=true helperDeps=0 eq=0 borrow=0 digs=0 deps=0 hqDigs=0 bury=0 elev=22
[A:LANDSCAPER#10447@600] @wallstat seat=[3, 36] attacker=false helper=false helperDeps=0 eq=0 borrow=0 digs=0 deps=0 hqDigs=0 bury=0 elev=13
[B:LANDSCAPER#11086@600] @wallstat seat=[36, 3] attacker=false helper=false helperDeps=0 eq=26 borrow=0 digs=110 deps=109 hqDigs=0 bury=0 elev=103
[B:MINER#13569@600] @minerstat builder=false mined=0 deposits=0 explores=1 soupMem=11 unreachable=0
[A:LANDSCAPER#11871@600] @wallstat seat=[3, 36] attacker=false helper=false helperDeps=0 eq=0 borrow=0 digs=0 deps=0 hqDigs=0 bury=0 elev=19
[B:MINER#11243@601] @bc t=1 used=4230 max=6753 near=0 over=0
[A:DESIGN_SCHOOL#12062@601] @bc t=4 used=823 max=4464 near=0 over=0
[A:LANDSCAPER#11696@611] @bc t=6 used=1471 max=6649 near=0 over=0
[A:LANDSCAPER#10664@612] @badpost [5, 35]
[A:MINER#12547@613] @bc t=1 used=4555 max=6397 near=0 over=0
[B:MINER#10880@613] @explore to=[20, 20] unseen=21
[A:LANDSCAPER#12701@613] @badpost [4, 39]
[A:LANDSCAPER#12701@613] @bc t=6 used=2430 max=6725 near=0 over=0
[A:LANDSCAPER#13539@618] @bc t=6 used=1454 max=6560 near=0 over=0
[B:MINER#13569@618] @bc t=1 used=4530 max=5938 near=0 over=0
[A:LANDSCAPER#11251@619] @badpost [6, 36]
[A:LANDSCAPER#12226@620] @badpost [4, 35]
[B:MINER#12983@623] @bc t=1 used=6525 max=7321 near=0 over=0
[A:MINER#13826@624] @bc t=1 used=3004 max=5344 near=0 over=0
[A:LANDSCAPER#11374@628] @badpost [6, 35]
[B:LANDSCAPER#13550@628] @bc t=6 used=1764 max=7101 near=0 over=0
[A:LANDSCAPER#11871@628] @badseat [3, 36]
[B:LANDSCAPER#11096@632] @bc t=6 used=807 max=6518 near=0 over=0
[A:LANDSCAPER#10447@632] @bc t=6 used=1266 max=6926 near=0 over=0
[A:LANDSCAPER#10447@635] @badseat [3, 36]
[B:MINER#10880@636] @explore to=[12, 12] unseen=21
[A:LANDSCAPER#10664@641] @bc t=6 used=1229 max=6805 near=0 over=0
[B:MINER#10880@643] @bc t=1 used=2325 max=6150 near=0 over=0
[B:LANDSCAPER#11086@645] @bc t=6 used=1640 max=7342 near=0 over=0
[A:MINER#13431@647] @bc t=1 used=6341 max=6898 near=0 over=0
[B:REFINERY#12515@649] @bc t=2 used=16 max=3948 near=0 over=0
[A:MINER#13222@652] @bc t=1 used=4478 max=6044 near=0 over=0
[A:LANDSCAPER#11374@652] @bc t=6 used=2524 max=6768 near=0 over=0
[A:LANDSCAPER#10664@654] @badpost [2, 36]
[A:MINER#13826@657] @deposit n=75
[A:LANDSCAPER#10447@657] @helper post=[6, 35]
[B:MINER#10880@659] @explore to=[4, 4] unseen=21
[A:DESIGN_SCHOOL#12062@659] @build t=6 at=[6, 39] soup=304
[A:REFINERY#11005@664] @bc t=2 used=16 max=3946 near=0 over=0
[B:LANDSCAPER#12094@668] @bc t=6 used=812 max=7126 near=0 over=0
[A:LANDSCAPER#12226@670] @bc t=6 used=1401 max=7002 near=0 over=0
[A:LANDSCAPER#12701@671] @badpost [6, 36]
[A:LANDSCAPER#12226@675] @badpost [6, 36]
[A:LANDSCAPER#11374@677] @badpost [6, 37]
[B:LANDSCAPER#12316@678] @bc t=6 used=1467 max=6460 near=0 over=0
[A:LANDSCAPER#10664@678] @posted at=[6, 39]
[A:LANDSCAPER#11871@680] @badseat [5, 36]
[A:LANDSCAPER#11251@682] @badpost [6, 37]
[A:LANDSCAPER#11871@684] @bc t=6 used=2528 max=6784 near=0 over=0
[B:MINER#10880@686] @explore to=[4, 12] unseen=20
[A:LANDSCAPER#11251@687] @bc t=6 used=2055 max=6602 near=0 over=0
[A:HQ#0@700] @econ soup=360 built=9 minersSeen=3 ring=2 buried=0 sym=7
[A:HQ#0@700] @bc t=0 used=1828 max=5246 near=0 over=0
[B:HQ#1@700] @econ soup=325 built=6 minersSeen=3 ring=5 buried=0 sym=7
[B:HQ#1@700] @bc t=0 used=1552 max=5243 near=0 over=0
[B:MINER#11243@700] @minerstat builder=true mined=29 deposits=20 explores=1 soupMem=12 unreachable=0
[A:MINER#12547@700] @minerstat builder=false mined=71 deposits=16 explores=1 soupMem=2 unreachable=3
[B:MINER#12983@700] @minerstat builder=false mined=27 deposits=8 explores=2 soupMem=8 unreachable=3
[A:MINER#13826@700] @minerstat builder=false mined=127 deposits=22 explores=1 soupMem=11 unreachable=3
[B:MINER#10880@700] @minerstat builder=false mined=91 deposits=8 explores=10 soupMem=8 unreachable=6
[A:MINER#13431@700] @minerstat builder=false mined=11 deposits=1 explores=1 soupMem=11 unreachable=0
[A:MINER#13222@700] @minerstat builder=false mined=10 deposits=1 explores=1 soupMem=9 unreachable=1
[A:LANDSCAPER#11696@700] @wallstat seat=[5, 37] attacker=false helper=false helperDeps=0 eq=137 borrow=0 digs=263 deps=262 hqDigs=0 bury=0 elev=135
[A:LANDSCAPER#13539@700] @wallstat seat=[5, 38] attacker=false helper=false helperDeps=0 eq=134 borrow=0 digs=259 deps=259 hqDigs=0 bury=0 elev=142
[B:LANDSCAPER#11096@700] @wallstat seat=[34, 1] attacker=false helper=false helperDeps=0 eq=124 borrow=0 digs=254 deps=254 hqDigs=0 bury=0 elev=135
[A:LANDSCAPER#11374@700] @wallstat seat=null attacker=false helper=true helperDeps=0 eq=0 borrow=0 digs=0 deps=0 hqDigs=0 bury=0 elev=19
[B:LANDSCAPER#12316@700] @wallstat seat=[35, 1] attacker=false helper=false helperDeps=0 eq=59 borrow=2 digs=109 deps=109 hqDigs=0 bury=0 elev=135
[A:LANDSCAPER#11251@700] @wallstat seat=null attacker=false helper=true helperDeps=0 eq=0 borrow=0 digs=0 deps=0 hqDigs=0 bury=0 elev=19
[A:LANDSCAPER#12701@700] @wallstat seat=null attacker=false helper=true helperDeps=0 eq=0 borrow=0 digs=0 deps=0 hqDigs=0 bury=0 elev=28
[B:LANDSCAPER#13550@700] @wallstat seat=[36, 1] attacker=false helper=false helperDeps=0 eq=74 borrow=0 digs=211 deps=210 hqDigs=0 bury=0 elev=138
[A:LANDSCAPER#10664@700] @wallstat seat=null attacker=false helper=true helperDeps=9 eq=0 borrow=0 digs=10 deps=0 hqDigs=0 bury=0 elev=9
[B:LANDSCAPER#12094@700] @wallstat seat=[36, 2] attacker=false helper=false helperDeps=0 eq=108 borrow=0 digs=192 deps=192 hqDigs=0 bury=0 elev=136
[A:LANDSCAPER#12226@700] @wallstat seat=null attacker=false helper=true helperDeps=0 eq=0 borrow=0 digs=0 deps=0 hqDigs=0 bury=0 elev=22
[A:LANDSCAPER#10447@700] @wallstat seat=null attacker=false helper=true helperDeps=0 eq=0 borrow=0 digs=0 deps=0 hqDigs=0 bury=0 elev=43
[B:LANDSCAPER#11086@700] @wallstat seat=[36, 3] attacker=false helper=false helperDeps=0 eq=39 borrow=0 digs=155 deps=155 hqDigs=0 bury=0 elev=136
[B:MINER#13569@700] @minerstat builder=false mined=0 deposits=0 explores=1 soupMem=11 unreachable=0
[A:LANDSCAPER#11871@700] @wallstat seat=[4, 36] attacker=false helper=false helperDeps=0 eq=0 borrow=0 digs=0 deps=0 hqDigs=0 bury=0 elev=22
[A:LANDSCAPER#11044@700] @wallstat seat=[3, 36] attacker=false helper=false helperDeps=0 eq=0 borrow=0 digs=0 deps=0 hqDigs=0 bury=0 elev=46
[B:MINER#11243@701] @bc t=1 used=4183 max=6753 near=0 over=0
[A:DESIGN_SCHOOL#12062@701] @bc t=4 used=823 max=4464 near=0 over=0
[A:LANDSCAPER#10447@701] @badpost [6, 35]
[A:LANDSCAPER#11044@705] @badseat [3, 36]
[A:LANDSCAPER#11696@711] @bc t=6 used=2142 max=6649 near=0 over=0
[A:MINER#12547@713] @bc t=1 used=4635 max=6636 near=0 over=0
[A:LANDSCAPER#12701@713] @bc t=6 used=1319 max=6725 near=0 over=0
[B:MINER#10880@718] @deposit n=70
[A:LANDSCAPER#13539@718] @bc t=6 used=1772 max=6560 near=0 over=0
[B:MINER#13569@718] @bc t=1 used=4406 max=5952 near=0 over=0
[A:LANDSCAPER#12701@720] @badpost [6, 35]
[A:LANDSCAPER#11251@721] @badpost [3, 39]
[A:LANDSCAPER#11871@721] @badseat [4, 36]
[B:MINER#12983@723] @bc t=1 used=5142 max=7321 near=0 over=0
[A:MINER#13826@724] @bc t=1 used=3548 max=5372 near=0 over=0
[A:LANDSCAPER#11374@728] @badpost [5, 39]
[B:LANDSCAPER#13550@728] @bc t=6 used=1645 max=7101 near=0 over=0
[A:MINER#13826@732] @deposit n=70
[B:LANDSCAPER#11096@732] @bc t=6 used=1672 max=6518 near=0 over=0
[A:LANDSCAPER#10447@732] @bc t=6 used=1375 max=6926 near=0 over=0
[A:DESIGN_SCHOOL#12062@734] @build t=6 at=[7, 39] soup=303
[A:LANDSCAPER#12226@736] @badpost [6, 35]
[A:LANDSCAPER#10664@741] @bc t=6 used=1457 max=6805 near=0 over=0
[B:MINER#10880@743] @bc t=1 used=2574 max=6150 near=0 over=0
[B:LANDSCAPER#11086@745] @bc t=6 used=1820 max=7342 near=0 over=0
[A:MINER#13431@747] @bc t=1 used=4944 max=6898 near=0 over=0
[A:LANDSCAPER#10447@748] @badpost [6, 36]
[B:REFINERY#12515@749] @bc t=2 used=16 max=3948 near=0 over=0
[A:MINER#13222@752] @bc t=1 used=4477 max=6044 near=0 over=0
[A:LANDSCAPER#11374@752] @bc t=6 used=2705 max=6768 near=0 over=0
[A:LANDSCAPER#11044@756] @badseat [4, 38]
[A:LANDSCAPER#11044@759] @bc t=6 used=1912 max=6512 near=0 over=0
[A:REFINERY#11005@764] @bc t=2 used=16 max=3946 near=0 over=0
[A:LANDSCAPER#11251@767] @badpost [6, 35]
[B:LANDSCAPER#12094@768] @bc t=6 used=2123 max=7126 near=0 over=0
[A:LANDSCAPER#12226@770] @bc t=6 used=1003 max=7002 near=0 over=0
[B:LANDSCAPER#12316@778] @bc t=6 used=929 max=6460 near=0 over=0
[A:LANDSCAPER#12701@778] @badpost [6, 37]
[A:LANDSCAPER#10802@778] @badseat [4, 36]
[A:LANDSCAPER#11871@780] @badseat [4, 38]
[A:LANDSCAPER#11871@784] @bc t=6 used=1856 max=6784 near=0 over=0
[A:LANDSCAPER#12226@785] @badpost [6, 37]
[A:LANDSCAPER#11374@787] @badpost [5, 35]
[A:LANDSCAPER#11251@787] @bc t=6 used=2199 max=6602 near=0 over=0
[A:LANDSCAPER#10447@791] @badpost [6, 37]
[B:MINER#10880@796] @deposit n=75
[A:HQ#0@800] @econ soup=378 built=9 minersSeen=3 ring=2 buried=0 sym=7
[A:HQ#0@800] @bc t=0 used=1822 max=5246 near=0 over=0
[B:HQ#1@800] @econ soup=568 built=6 minersSeen=4 ring=5 buried=0 sym=7
[B:HQ#1@800] @bc t=0 used=1604 max=5243 near=0 over=0
[B:MINER#11243@800] @minerstat builder=true mined=29 deposits=20 explores=1 soupMem=12 unreachable=0
[A:MINER#12547@800] @minerstat builder=false mined=71 deposits=16 explores=1 soupMem=2 unreachable=3
[B:MINER#12983@800] @minerstat builder=false mined=27 deposits=8 explores=2 soupMem=8 unreachable=3
[A:MINER#13826@800] @minerstat builder=false mined=138 deposits=23 explores=1 soupMem=11 unreachable=3
[B:MINER#10880@800] @minerstat builder=false mined=102 deposits=10 explores=10 soupMem=9 unreachable=6
[A:MINER#13431@800] @minerstat builder=false mined=11 deposits=1 explores=1 soupMem=11 unreachable=0
[A:MINER#13222@800] @minerstat builder=false mined=10 deposits=1 explores=1 soupMem=9 unreachable=1
[A:LANDSCAPER#11696@800] @wallstat seat=[5, 37] attacker=false helper=false helperDeps=0 eq=182 borrow=0 digs=308 deps=307 hqDigs=0 bury=0 elev=157
[A:LANDSCAPER#13539@800] @wallstat seat=[5, 38] attacker=false helper=false helperDeps=0 eq=179 borrow=0 digs=304 deps=304 hqDigs=0 bury=0 elev=188
[B:LANDSCAPER#11096@800] @wallstat seat=[34, 1] attacker=false helper=false helperDeps=0 eq=137 borrow=0 digs=299 deps=299 hqDigs=0 bury=0 elev=167
[A:LANDSCAPER#11374@800] @wallstat seat=null attacker=false helper=true helperDeps=0 eq=0 borrow=0 digs=0 deps=0 hqDigs=0 bury=0 elev=25
[B:LANDSCAPER#12316@800] @wallstat seat=[35, 1] attacker=false helper=false helperDeps=0 eq=78 borrow=2 digs=154 deps=154 hqDigs=0 bury=0 elev=168
[A:LANDSCAPER#11251@800] @wallstat seat=null attacker=false helper=true helperDeps=0 eq=0 borrow=0 digs=0 deps=0 hqDigs=0 bury=0 elev=22
[A:LANDSCAPER#12701@800] @wallstat seat=null attacker=false helper=true helperDeps=0 eq=0 borrow=0 digs=0 deps=0 hqDigs=0 bury=0 elev=16
[B:LANDSCAPER#13550@800] @wallstat seat=[36, 1] attacker=false helper=false helperDeps=0 eq=87 borrow=0 digs=256 deps=255 hqDigs=0 bury=0 elev=170
[A:LANDSCAPER#10664@800] @wallstat seat=null attacker=false helper=true helperDeps=55 eq=0 borrow=0 digs=55 deps=0 hqDigs=0 bury=0 elev=9
[B:LANDSCAPER#12094@800] @wallstat seat=[36, 2] attacker=false helper=false helperDeps=0 eq=127 borrow=0 digs=237 deps=236 hqDigs=0 bury=0 elev=168
[A:LANDSCAPER#12226@800] @wallstat seat=null attacker=false helper=true helperDeps=0 eq=0 borrow=0 digs=0 deps=0 hqDigs=0 bury=0 elev=13
[A:LANDSCAPER#10447@800] @wallstat seat=null attacker=false helper=true helperDeps=0 eq=0 borrow=0 digs=0 deps=0 hqDigs=0 bury=0 elev=25
[B:LANDSCAPER#11086@800] @wallstat seat=[36, 3] attacker=false helper=false helperDeps=0 eq=52 borrow=0 digs=200 deps=200 hqDigs=0 bury=0 elev=168
[B:MINER#13569@800] @minerstat builder=false mined=0 deposits=0 explores=1 soupMem=11 unreachable=0
[A:LANDSCAPER#11871@800] @wallstat seat=[5, 37] attacker=false helper=false helperDeps=0 eq=0 borrow=0 digs=0 deps=0 hqDigs=0 bury=0 elev=43
[A:LANDSCAPER#11044@800] @wallstat seat=[4, 36] attacker=false helper=false helperDeps=0 eq=0 borrow=0 digs=0 deps=0 hqDigs=0 bury=0 elev=19
[A:LANDSCAPER#10802@800] @wallstat seat=[5, 36] attacker=false helper=false helperDeps=0 eq=0 borrow=0 digs=0 deps=0 hqDigs=0 bury=0 elev=37
[B:MINER#11243@801] @bc t=1 used=4302 max=6753 near=0 over=0
[A:DESIGN_SCHOOL#12062@801] @bc t=4 used=1033 max=4464 near=0 over=0
[A:MINER#13826@806] @deposit n=70
[A:DESIGN_SCHOOL#12062@810] @build t=6 at=[7, 39] soup=308
[A:LANDSCAPER#11696@811] @bc t=6 used=1869 max=6649 near=0 over=0
[A:MINER#12547@813] @bc t=1 used=5124 max=6636 near=0 over=0
[A:LANDSCAPER#12701@813] @bc t=6 used=2254 max=6725 near=0 over=0
[A:LANDSCAPER#13539@818] @bc t=6 used=1656 max=6560 near=0 over=0
[B:MINER#13569@818] @bc t=1 used=4414 max=7368 near=0 over=0
[B:MINER#12983@823] @bc t=1 used=6478 max=7321 near=0 over=0
[A:MINER#13826@824] @bc t=1 used=3655 max=5372 near=0 over=0
[A:LANDSCAPER#11044@826] @badseat [4, 36]
[A:LANDSCAPER#11251@828] @badpost [5, 39]
[B:LANDSCAPER#13550@828] @bc t=6 used=1645 max=7101 near=0 over=0
[B:LANDSCAPER#11096@832] @bc t=6 used=1791 max=6518 near=0 over=0
[A:LANDSCAPER#12226@832] @badpost [5, 39]
[A:LANDSCAPER#10447@832] @bc t=6 used=1534 max=6926 near=0 over=0
[A:LANDSCAPER#10802@834] @bc t=6 used=1442 max=6606 near=0 over=0
[A:LANDSCAPER#12701@837] @badpost [5, 39]
[A:LANDSCAPER#11374@839] @badpost [4, 39]
[A:LANDSCAPER#10664@841] @bc t=6 used=1430 max=6805 near=0 over=0
[A:LANDSCAPER#10802@842] @badseat [5, 36]
[B:MINER#10880@843] @bc t=1 used=2724 max=6150 near=0 over=0
[A:LANDSCAPER#10447@843] @badpost [5, 39]
[A:LANDSCAPER#11871@844] @badseat [3, 38]
[B:LANDSCAPER#11086@845] @bc t=6 used=813 max=7342 near=0 over=0
[A:MINER#13431@847] @bc t=1 used=6258 max=6898 near=0 over=0
[B:REFINERY#12515@849] @bc t=2 used=16 max=3948 near=0 over=0
[A:MINER#13222@852] @bc t=1 used=4433 max=6044 near=0 over=0
[A:LANDSCAPER#11374@852] @bc t=6 used=2441 max=6768 near=0 over=0
[A:LANDSCAPER#11044@859] @bc t=6 used=2189 max=6512 near=0 over=0
[A:REFINERY#11005@864] @bc t=2 used=16 max=3946 near=0 over=0
[A:LANDSCAPER#12786@864] @badseat [3, 36]
[B:LANDSCAPER#12094@868] @bc t=6 used=931 max=7126 near=0 over=0
[A:LANDSCAPER#12226@870] @bc t=6 used=684 max=7002 near=0 over=0
[B:MINER#10880@873] @deposit n=70
[A:LANDSCAPER#12701@874] @badpost [5, 35]
[B:LANDSCAPER#12316@878] @bc t=6 used=1467 max=6460 near=0 over=0
[A:MINER#13826@881] @deposit n=70
[A:LANDSCAPER#11044@881] @badseat [3, 38]
[A:DESIGN_SCHOOL#12062@884] @build t=6 at=[7, 39] soup=300
[A:LANDSCAPER#11251@884] @badpost [5, 35]
[A:LANDSCAPER#11871@884] @bc t=6 used=1257 max=6784 near=0 over=0
[A:LANDSCAPER#11251@887] @bc t=6 used=2328 max=6602 near=0 over=0
[A:LANDSCAPER#12226@889] @badpost [5, 35]
[A:LANDSCAPER#11374@890] @badpost [3, 39]
[A:LANDSCAPER#10802@893] @badseat [4, 38]
[A:LANDSCAPER#10447@895] @badpost [5, 35]
[A:HQ#0@900] @econ soup=316 built=9 minersSeen=3 ring=2 buried=0 sym=7
[A:HQ#0@900] @bc t=0 used=1702 max=5246 near=0 over=0
[B:HQ#1@900] @econ soup=736 built=6 minersSeen=3 ring=5 buried=0 sym=7
[B:HQ#1@900] @bc t=0 used=1552 max=5243 near=0 over=0
[B:MINER#11243@900] @minerstat builder=true mined=29 deposits=20 explores=1 soupMem=12 unreachable=0
[A:MINER#12547@900] @minerstat builder=false mined=71 deposits=16 explores=1 soupMem=2 unreachable=3
[B:MINER#12983@900] @minerstat builder=false mined=27 deposits=8 explores=2 soupMem=8 unreachable=3
[A:MINER#13826@900] @minerstat builder=false mined=148 deposits=25 explores=1 soupMem=11 unreachable=3
[B:MINER#10880@900] @minerstat builder=false mined=112 deposits=11 explores=10 soupMem=9 unreachable=6
[A:MINER#13431@900] @minerstat builder=false mined=11 deposits=1 explores=1 soupMem=11 unreachable=0
[A:MINER#13222@900] @minerstat builder=false mined=10 deposits=1 explores=1 soupMem=9 unreachable=1
[A:LANDSCAPER#11696@900] @wallstat seat=[5, 37] attacker=false helper=false helperDeps=0 eq=227 borrow=0 digs=352 deps=352 hqDigs=0 bury=0 elev=179
[A:LANDSCAPER#13539@900] @wallstat seat=[5, 38] attacker=false helper=false helperDeps=0 eq=223 borrow=0 digs=349 deps=348 hqDigs=0 bury=0 elev=232
[B:LANDSCAPER#11096@900] @wallstat seat=[34, 1] attacker=false helper=false helperDeps=0 eq=150 borrow=0 digs=344 deps=344 hqDigs=0 bury=0 elev=199
[A:LANDSCAPER#11374@900] @wallstat seat=null attacker=false helper=true helperDeps=0 eq=0 borrow=0 digs=0 deps=0 hqDigs=0 bury=0 elev=64
[B:LANDSCAPER#12316@900] @wallstat seat=[35, 1] attacker=false helper=false helperDeps=0 eq=97 borrow=2 digs=199 deps=198 hqDigs=0 bury=0 elev=199
[A:LANDSCAPER#11251@900] @wallstat seat=null attacker=false helper=true helperDeps=0 eq=0 borrow=0 digs=0 deps=0 hqDigs=0 bury=0 elev=40
[A:LANDSCAPER#12701@900] @wallstat seat=null attacker=false helper=true helperDeps=0 eq=0 borrow=0 digs=0 deps=0 hqDigs=0 bury=0 elev=16
[B:LANDSCAPER#13550@900] @wallstat seat=[36, 1] attacker=false helper=false helperDeps=0 eq=100 borrow=0 digs=300 deps=300 hqDigs=0 bury=0 elev=202
[A:LANDSCAPER#10664@900] @wallstat seat=null attacker=false helper=true helperDeps=99 eq=0 borrow=0 digs=100 deps=0 hqDigs=0 bury=0 elev=9
[B:LANDSCAPER#12094@900] @wallstat seat=[36, 2] attacker=false helper=false helperDeps=0 eq=146 borrow=0 digs=282 deps=281 hqDigs=0 bury=0 elev=200
[A:LANDSCAPER#12226@900] @wallstat seat=null attacker=false helper=true helperDeps=0 eq=0 borrow=0 digs=0 deps=0 hqDigs=0 bury=0 elev=46
[A:LANDSCAPER#10447@900] @wallstat seat=null attacker=false helper=true helperDeps=0 eq=0 borrow=0 digs=0 deps=0 hqDigs=0 bury=0 elev=76
[B:LANDSCAPER#11086@900] @wallstat seat=[36, 3] attacker=false helper=false helperDeps=0 eq=65 borrow=0 digs=245 deps=245 hqDigs=0 bury=0 elev=200
[B:MINER#13569@900] @minerstat builder=false mined=0 deposits=0 explores=1 soupMem=11 unreachable=0
[A:LANDSCAPER#11871@900] @wallstat seat=[3, 37] attacker=false helper=false helperDeps=0 eq=0 borrow=0 digs=0 deps=0 hqDigs=0 bury=0 elev=85
[A:LANDSCAPER#11044@900] @wallstat seat=[5, 38] attacker=false helper=false helperDeps=0 eq=0 borrow=0 digs=0 deps=0 hqDigs=0 bury=0 elev=25
[A:LANDSCAPER#10802@900] @wallstat seat=[5, 37] attacker=false helper=false helperDeps=0 eq=0 borrow=0 digs=0 deps=0 hqDigs=0 bury=0 elev=76
[A:LANDSCAPER#12786@900] @wallstat seat=[4, 38] attacker=false helper=false helperDeps=0 eq=0 borrow=0 digs=0 deps=0 hqDigs=0 bury=0 elev=22
[A:LANDSCAPER#12016@900] @wallstat seat=[3, 36] attacker=false helper=false helperDeps=0 eq=0 borrow=0 digs=0 deps=0 hqDigs=0 bury=0 elev=19
[B:MINER#11243@901] @bc t=1 used=4003 max=6753 near=0 over=0
[A:DESIGN_SCHOOL#12062@901] @bc t=4 used=820 max=4464 near=0 over=0
[A:LANDSCAPER#11871@906] @badseat [3, 37]
[A:LANDSCAPER#12786@910] @bc t=6 used=2035 max=6952 near=0 over=0
[A:LANDSCAPER#11696@911] @bc t=6 used=1537 max=6649 near=0 over=0
[A:MINER#12547@913] @bc t=1 used=4472 max=6636 near=0 over=0
[A:LANDSCAPER#12701@913] @bc t=6 used=1420 max=6725 near=0 over=0
[A:LANDSCAPER#13539@918] @bc t=6 used=1659 max=6560 near=0 over=0
[B:MINER#13569@918] @bc t=1 used=4528 max=7368 near=0 over=0
[B:MINER#12983@923] @bc t=1 used=5955 max=7557 near=0 over=0
[A:MINER#13826@924] @bc t=1 used=1829 max=5372 near=0 over=0
[B:LANDSCAPER#13550@928] @bc t=6 used=1764 max=7101 near=0 over=0
[A:LANDSCAPER#12786@931] @badseat [4, 38]
[server]                    g_iter5 (B) wins (round 931)
[server] Reason: The winning team won by enemy HQ being destroyed.
[server] -------------------- Match Finished --------------------
