SLF4J: Class path contains multiple SLF4J bindings.
SLF4J: Found binding in [jar:file:/home/terryvanbelle/projects/vibe/2020/engine/engine.jar!/org/slf4j/impl/StaticLoggerBinder.class]
SLF4J: Found binding in [jar:file:/home/terryvanbelle/projects/vibe/2020/engine/lib/slf4j-simple-1.7.21.jar!/org/slf4j/impl/StaticLoggerBinder.class]
SLF4J: See http://www.slf4j.org/codes.html#multiple_bindings for an explanation.
SLF4J: Actual binding is of type [org.slf4j.impl.SimpleLoggerFactory]
[server] -------------------- Match Starting --------------------
[server] bot vs. g_iter5 on Climb
[A:HQ#0@1] @origin x=0 y=0
[A:HQ#0@1] @build t=1 at=[5, 37] soup=131
[B:HQ#1@1] @origin x=0 y=0
[B:HQ#1@1] @build t=1 at=[35, 3] soup=131
[A:HQ#0@2] @build t=1 at=[3, 37] soup=61
[B:HQ#1@2] @build t=1 at=[36, 1] soup=61
[A:MINER#11691@2] @miner builder=true
[A:MINER#11691@2] @explore to=[6, 39] unseen=-1
[B:MINER#11243@2] @origin x=0 y=0
[B:MINER#11243@2] @miner builder=true
[B:MINER#11243@2] @explore to=[28, 4] unseen=24
[A:MINER#11691@3] @explore to=[-5, 31] unseen=-1
[A:MINER#13758@3] @origin x=0 y=0
[A:MINER#13758@3] @miner builder=false
[A:MINER#13758@3] @explore to=[12, 36] unseen=24
[B:MINER#13097@3] @origin x=0 y=0
[B:MINER#13097@3] @miner builder=false
[B:MINER#13097@3] @explore to=[28, 4] unseen=24
[A:MINER#11691@12] @origin x=0 y=0
[B:MINER#11243@12] @deposit n=7
[A:HQ#0@13] @build t=1 at=[5, 38] soup=0
[A:MINER#11691@13] @deposit n=7
[A:MINER#13758@13] @deposit n=7
[B:MINER#13097@13] @deposit n=7
[B:HQ#1@14] @build t=1 at=[36, 2] soup=7
[B:MINER#11243@14] @deposit n=7
[A:MINER#12547@14] @miner builder=false
[A:MINER#12547@14] @explore to=[-10, 20] unseen=-1
[A:MINER#11691@15] @deposit n=7
[A:MINER#13758@15] @deposit n=7
[B:MINER#13097@15] @deposit n=7
[B:MINER#13877@15] @origin x=0 y=0
[B:MINER#13877@15] @miner builder=false
[B:MINER#13877@15] @explore to=[28, 4] unseen=24
[B:MINER#11243@16] @deposit n=7
[A:MINER#11691@17] @deposit n=7
[A:MINER#13758@17] @deposit n=7
[B:MINER#13097@18] @deposit n=7
[A:MINER#11691@19] @deposit n=7
[B:MINER#11243@19] @deposit n=7
[A:MINER#13758@19] @deposit n=7
[B:MINER#13097@20] @deposit n=7
[B:MINER#11243@21] @deposit n=7
[A:MINER#11691@22] @deposit n=7
[A:MINER#13758@22] @deposit n=7
[B:MINER#13097@22] @deposit n=7
[B:HQ#1@23] @build t=1 at=[34, 2] soup=1
[A:HQ#0@24] @build t=1 at=[5, 36] soup=10
[A:MINER#11691@24] @deposit n=7
[B:MINER#11243@24] @deposit n=7
[A:MINER#13758@24] @deposit n=7
[B:MINER#12983@24] @miner builder=false
[B:MINER#12983@24] @explore to=[21, 6] unseen=-1
[B:MINER#13097@25] @deposit n=7
[B:MINER#13877@25] @deposit n=7
[A:MINER#13826@25] @miner builder=false
[A:MINER#13826@25] @explore to=[18, 21] unseen=-1
[A:MINER#11691@26] @deposit n=7
[B:MINER#11243@26] @deposit n=7
[A:MINER#13758@26] @deposit n=7
[B:MINER#13097@27] @deposit n=7
[B:MINER#13877@27] @deposit n=7
[A:MINER#11691@28] @deposit n=7
[B:MINER#11243@28] @deposit n=7
[A:MINER#13758@28] @deposit n=7
[B:MINER#13097@30] @deposit n=7
[B:MINER#13877@30] @deposit n=7
[A:MINER#11691@31] @deposit n=7
[B:MINER#11243@31] @deposit n=7
[A:MINER#13758@31] @deposit n=7
[B:MINER#13097@32] @deposit n=7
[B:MINER#13877@32] @deposit n=7
[A:MINER#11691@33] @deposit n=7
[B:MINER#11243@33] @deposit n=7
[A:MINER#13758@33] @deposit n=7
[B:MINER#13097@34] @deposit n=7
[B:MINER#13877@34] @deposit n=7
[B:MINER#12983@34] @origin x=0 y=0
[A:MINER#11691@35] @deposit n=7
[A:MINER#13758@35] @deposit n=7
[B:MINER#12983@35] @deposit n=7
[A:MINER#13826@35] @origin x=0 y=0
[B:MINER#11243@36] @deposit n=7
[A:MINER#12547@36] @deposit n=70
[A:MINER#13826@36] @deposit n=7
[A:MINER#11691@37] @deposit n=7
[A:MINER#13758@37] @deposit n=7
[B:MINER#13097@37] @deposit n=7
[B:MINER#13877@37] @deposit n=7
[B:MINER#11243@38] @deposit n=7
[B:MINER#12983@38] @deposit n=7
[A:MINER#13826@38] @deposit n=7
[B:MINER#13097@39] @deposit n=7
[A:MINER#12547@39] @deposit n=7
[B:MINER#13877@39] @deposit n=7
[A:MINER#11691@40] @deposit n=7
[A:MINER#13758@40] @deposit n=7
[B:MINER#12983@40] @deposit n=7
[A:MINER#11691@41] @stand [6, 38]
[A:MINER#11691@41] @bcprof sense=383 block=6 terrain=79 soup=12 act=7534 bug=false
[B:MINER#11243@41] @deposit n=7
[A:MINER#12547@41] @deposit n=7
[A:MINER#13826@41] @deposit n=7
[A:HQ#0@42] @build t=1 at=[3, 36] soup=140
[B:MINER#13097@42] @deposit n=7
[B:MINER#13877@42] @deposit n=7
[B:HQ#1@43] @build t=1 at=[34, 2] soup=131
[A:MINER#13758@43] @deposit n=7
[B:MINER#12983@43] @deposit n=7
[A:MINER#13826@43] @deposit n=7
[A:MINER#12659@43] @origin x=0 y=0
[A:MINER#12659@43] @miner builder=false
[A:MINER#12659@43] @explore to=[4, 28] unseen=24
[A:MINER#12547@44] @deposit n=7
[B:MINER#13877@44] @deposit n=7
[B:MINER#10880@44] @miner builder=false
[B:MINER#10880@44] @explore to=[51, -14] unseen=-1
[A:MINER#13758@45] @deposit n=7
[B:MINER#13097@45] @deposit n=7
[B:MINER#12983@45] @deposit n=7
[A:MINER#12547@46] @deposit n=7
[A:MINER#13826@46] @deposit n=7
[A:HQ#0@47] @build t=1 at=[5, 37] soup=135
[B:MINER#13097@47] @deposit n=7
[B:MINER#13877@47] @deposit n=7
[A:MINER#13758@48] @deposit n=7
[B:MINER#12983@48] @deposit n=7
[A:MINER#13826@48] @deposit n=7
[A:MINER#13431@48] @miner builder=false
[A:MINER#13431@48] @explore to=[13, 51] unseen=-1
[B:MINER#11243@49] @build t=2 at=[34, 0] soup=0
[B:MINER#13097@49] @offring
[A:MINER#12547@49] @deposit n=7
[B:MINER#13877@49] @offring
[B:MINER#12983@49] @offring slide
[A:MINER#13758@50] @deposit n=7
[B:MINER#12983@50] @offring
[A:MINER#11691@51] @deposit n=14
[B:MINER#11243@51] @deposit n=7
[A:MINER#12547@51] @deposit n=7
[A:MINER#13826@51] @deposit n=7
[A:MINER#13758@52] @deposit n=7
[A:HQ#0@53] @build t=1 at=[5, 36] soup=132
[B:MINER#11243@53] @deposit n=7
[A:MINER#13826@53] @deposit n=7
[A:MINER#12659@53] @deposit n=7
[B:MINER#10880@53] @offring
[A:MINER#12547@54] @deposit n=7
[A:MINER#13222@54] @miner builder=false
[A:MINER#13222@54] @explore to=[9, 16] unseen=-1
[B:MINER#11243@55] @deposit n=7
[A:MINER#13758@55] @deposit n=7
[A:MINER#12659@55] @deposit n=7
[A:MINER#12547@56] @deposit n=7
[A:MINER#13826@56] @deposit n=7
[A:HQ#0@58] @build t=1 at=[5, 38] soup=131
[B:MINER#11243@58] @deposit n=7
[A:MINER#13758@58] @deposit n=7
[A:MINER#13826@58] @deposit n=7
[A:MINER#12659@58] @deposit n=7
[A:MINER#13431@58] @origin x=0 y=0
[A:MINER#12547@59] @deposit n=7
[A:MINER#13431@59] @deposit n=7
[A:MINER#10044@59] @miner builder=false
[A:MINER#10044@59] @explore to=[25, 18] unseen=-1
[B:MINER#11243@60] @deposit n=7
[A:MINER#13758@60] @deposit n=7
[A:MINER#12659@60] @deposit n=7
[A:MINER#12547@61] @deposit n=7
[A:MINER#13826@61] @deposit n=7
[A:MINER#13431@61] @deposit n=7
[B:MINER#11243@62] @deposit n=5
[A:MINER#13758@62] @deposit n=7
[A:MINER#13826@63] @deposit n=7
[A:MINER#12659@63] @deposit n=5
[A:MINER#12547@64] @deposit n=7
[A:MINER#13431@64] @deposit n=7
[A:MINER#13758@65] @deposit n=7
[A:MINER#12659@65] @deposit n=5
[A:MINER#12547@66] @deposit n=5
[A:MINER#13826@66] @deposit n=5
[A:MINER#13431@67] @deposit n=5
[A:MINER#11691@72] @build t=2 at=[7, 37] soup=74
[A:MINER#12659@72] @offring
[A:MINER#13222@72] @offring
[A:MINER#10044@72] @offring slide
[A:MINER#11691@73] @deposit n=14
[A:MINER#10044@73] @offring slide
[A:MINER#10044@74] @offring slide
[A:MINER#10044@75] @offring slide
[A:MINER#10044@76] @offring slide
[B:MINER#10880@77] @unreachable soup=[36, 2]
[A:MINER#10044@77] @offring slide
[A:MINER#10044@78] @offring slide
[A:MINER#10044@79] @offring slide
[A:MINER#10044@80] @offring
[B:MINER#12983@89] @unreachable soup=[36, 2]
[B:MINER#11243@90] @deposit n=70
[A:MINER#13431@91] @deposit n=70
[B:MINER#11243@94] @build t=4 at=[36, 0] soup=4
[A:MINER#11691@95] @build t=4 at=[1, 37] soup=31
[B:DESIGN_SCHOOL#12952@95] @origin x=0 y=0
[A:MINER#13826@96] @deposit n=70
[A:DESIGN_SCHOOL#12062@96] @origin x=0 y=0
[A:MINER#13758@99] @deposit n=70
[A:HQ#0@100] @econ soup=115 built=8 minersSeen=7 ring=0 buried=0 sym=7
[A:HQ#0@100] @bc t=0 used=954 max=5246 near=0 over=0
[B:HQ#1@100] @econ soup=9 built=5 minersSeen=5 ring=0 buried=0 sym=7
[B:HQ#1@100] @bc t=0 used=855 max=5243 near=0 over=0
[A:MINER#11691@100] @minerstat builder=true mined=28 deposits=15 explores=2 soupMem=8 unreachable=0
[B:MINER#11243@100] @minerstat builder=true mined=29 deposits=20 explores=1 soupMem=12 unreachable=0
[A:MINER#13758@100] @minerstat builder=false mined=33 deposits=24 explores=1 soupMem=12 unreachable=0
[B:MINER#13097@100] @minerstat builder=false mined=26 deposits=15 explores=1 soupMem=12 unreachable=0
[A:MINER#12547@100] @minerstat builder=false mined=32 deposits=13 explores=1 soupMem=12 unreachable=0
[B:MINER#13877@100] @minerstat builder=false mined=20 deposits=10 explores=1 soupMem=12 unreachable=0
[B:MINER#12983@100] @minerstat builder=false mined=6 deposits=6 explores=1 soupMem=9 unreachable=1
[A:MINER#13826@100] @minerstat builder=false mined=23 deposits=14 explores=1 soupMem=11 unreachable=0
[A:MINER#12659@100] @minerstat builder=false mined=6 deposits=6 explores=1 soupMem=12 unreachable=0
[B:MINER#10880@100] @minerstat builder=false mined=0 deposits=0 explores=1 soupMem=10 unreachable=1
[A:MINER#13431@100] @minerstat builder=false mined=14 deposits=5 explores=1 soupMem=9 unreachable=0
[A:MINER#13222@100] @minerstat builder=false mined=11 deposits=0 explores=1 soupMem=11 unreachable=0
[A:MINER#10044@100] @minerstat builder=false mined=11 deposits=0 explores=1 soupMem=11 unreachable=0
[A:MINER#11691@101] @bc t=1 used=3713 max=8063 near=0 over=0
[B:MINER#11243@101] @bc t=1 used=4114 max=6753 near=0 over=0
[A:MINER#13758@102] @bc t=1 used=4528 max=7406 near=0 over=0
[B:MINER#13097@102] @bc t=1 used=1358 max=7437 near=0 over=0
[A:MINER#10044@104] @deposit n=75
[A:DESIGN_SCHOOL#12062@105] @build t=6 at=[2, 37] soup=70
[A:LANDSCAPER#11696@106] @origin x=0 y=0
[B:MINER#10880@108] @unreachable soup=[36, 5]
[A:MINER#12547@113] @bc t=1 used=2629 max=4734 near=0 over=0
[B:MINER#13877@114] @bc t=1 used=2023 max=7099 near=0 over=0
[A:LANDSCAPER#11696@115] @seated at=[3, 37]
[A:MINER#10044@119] @unreachable soup=[0, 36]
[B:MINER#12983@122] @deposit n=70
[A:MINER#11691@123] @deposit n=75
[B:MINER#12983@123] @bc t=1 used=2843 max=5263 near=0 over=0
[A:MINER#13826@124] @bc t=1 used=3296 max=5427 near=0 over=0
[A:DESIGN_SCHOOL#12062@124] @build t=6 at=[2, 37] soup=13
[A:LANDSCAPER#13539@125] @origin x=0 y=0
[A:LANDSCAPER#13539@134] @seated at=[3, 38]
[A:MINER#13222@140] @deposit n=75
[A:MINER#12659@142] @bc t=1 used=3964 max=6882 near=0 over=0
[B:MINER#10880@143] @bc t=1 used=3241 max=6150 near=0 over=0
[A:MINER#13431@143] @deposit n=75
[A:DESIGN_SCHOOL#12062@144] @build t=6 at=[2, 37] soup=16
[B:MINER#12983@145] @unreachable soup=[36, 5]
[A:LANDSCAPER#11096@145] @origin x=0 y=0
[A:MINER#12547@147] @deposit n=70
[A:MINER#13431@147] @bc t=1 used=3029 max=5650 near=0 over=0
[B:REFINERY#12515@149] @bc t=2 used=16 max=3948 near=0 over=0
[A:MINER#13222@153] @bc t=1 used=2848 max=5932 near=0 over=0
[A:LANDSCAPER#11096@154] @seated at=[3, 36]
[A:MINER#10044@158] @bc t=1 used=4424 max=5557 near=0 over=0
[A:DESIGN_SCHOOL#12062@160] @build t=6 at=[2, 37] soup=0
[A:LANDSCAPER#11374@161] @origin x=0 y=0
[B:MINER#12983@172] @deposit n=75
[A:REFINERY#11005@172] @bc t=2 used=16 max=3946 near=0 over=0
[B:DESIGN_SCHOOL#12952@172] @build t=6 at=[35, 1] soup=19
[A:MINER#13431@187] @deposit n=70
[B:MINER#12983@190] @explore to=[20, 4] unseen=23
[B:DESIGN_SCHOOL#12952@194] @bc t=4 used=553 max=4876 near=1 over=0
[A:DESIGN_SCHOOL#12062@195] @bc t=4 used=787 max=4828 near=1 over=0
[A:HQ#0@200] @econ soup=109 built=8 minersSeen=8 ring=3 buried=0 sym=7
[A:HQ#0@200] @bc t=0 used=1544 max=5246 near=0 over=0
[B:HQ#1@200] @econ soup=102 built=5 minersSeen=5 ring=1 buried=0 sym=7
[B:HQ#1@200] @bc t=0 used=991 max=5243 near=0 over=0
[A:MINER#11691@200] @minerstat builder=true mined=28 deposits=16 explores=2 soupMem=10 unreachable=0
[B:MINER#11243@200] @minerstat builder=true mined=29 deposits=20 explores=1 soupMem=12 unreachable=0
[A:MINER#13758@200] @minerstat builder=false mined=33 deposits=24 explores=1 soupMem=11 unreachable=0
[B:MINER#13097@200] @minerstat builder=false mined=26 deposits=15 explores=1 soupMem=12 unreachable=0
[A:MINER#12547@200] @minerstat builder=false mined=32 deposits=14 explores=1 soupMem=9 unreachable=0
[B:MINER#13877@200] @minerstat builder=false mined=20 deposits=10 explores=1 soupMem=12 unreachable=0
[B:MINER#12983@200] @minerstat builder=false mined=37 deposits=8 explores=2 soupMem=9 unreachable=2
[A:MINER#13826@200] @minerstat builder=false mined=23 deposits=14 explores=1 soupMem=10 unreachable=0
[A:MINER#12659@200] @minerstat builder=false mined=6 deposits=6 explores=1 soupMem=12 unreachable=0
[B:MINER#10880@200] @minerstat builder=false mined=0 deposits=0 explores=1 soupMem=4 unreachable=2
[A:MINER#13431@200] @minerstat builder=false mined=35 deposits=7 explores=1 soupMem=12 unreachable=0
[A:MINER#13222@200] @minerstat builder=false mined=11 deposits=1 explores=1 soupMem=10 unreachable=0
[A:MINER#10044@200] @minerstat builder=false mined=12 deposits=1 explores=1 soupMem=7 unreachable=1
[A:LANDSCAPER#11696@200] @wallstat seat=[3, 37] attacker=false helper=false helperDeps=0 eq=11 borrow=0 digs=39 deps=38 hqDigs=0 bury=0 elev=31
[A:LANDSCAPER#13539@200] @wallstat seat=[3, 38] attacker=false helper=false helperDeps=0 eq=2 borrow=0 digs=30 deps=29 hqDigs=0 bury=0 elev=33
[A:LANDSCAPER#11096@200] @wallstat seat=[3, 36] attacker=false helper=false helperDeps=0 eq=0 borrow=0 digs=21 deps=21 hqDigs=0 bury=0 elev=30
[A:LANDSCAPER#11374@200] @wallstat seat=[4, 36] attacker=false helper=false helperDeps=0 eq=0 borrow=0 digs=0 deps=0 hqDigs=0 bury=0 elev=2
[B:LANDSCAPER#12316@200] @wallstat seat=[35, 1] attacker=false helper=false helperDeps=0 eq=0 borrow=0 digs=0 deps=0 hqDigs=0 bury=0 elev=4
[A:MINER#11691@201] @bc t=1 used=5140 max=8063 near=0 over=0
[B:MINER#11243@201] @bc t=1 used=4279 max=6753 near=0 over=0
[A:LANDSCAPER#11374@201] @badseat [4, 36]
[A:MINER#13758@202] @bc t=1 used=4590 max=7406 near=0 over=0
[B:MINER#13097@202] @bc t=1 used=1972 max=7437 near=0 over=0
[B:MINER#12983@203] @deposit n=70
[B:DESIGN_SCHOOL#12952@205] @build t=6 at=[36, 1] soup=17
[A:LANDSCAPER#11696@205] @bc t=6 used=2176 max=7030 near=0 over=0
[B:LANDSCAPER#11251@206] @origin x=0 y=0
[A:MINER#12547@213] @bc t=1 used=4559 max=5573 near=0 over=0
[B:MINER#13877@214] @bc t=1 used=2010 max=7099 near=0 over=0
[B:MINER#12983@223] @bc t=1 used=3119 max=5263 near=0 over=0
[A:MINER#13826@224] @bc t=1 used=4769 max=6086 near=0 over=0
[A:LANDSCAPER#13539@224] @bc t=6 used=1702 max=7164 near=0 over=0
[A:LANDSCAPER#11374@231] @badseat [4, 38]
[B:MINER#12983@235] @deposit n=70
[A:MINER#12659@242] @bc t=1 used=4056 max=6882 near=0 over=0
[B:MINER#10880@243] @bc t=1 used=3440 max=6150 near=0 over=0
[A:LANDSCAPER#11096@244] @bc t=6 used=1943 max=7330 near=0 over=0
[A:MINER#12547@246] @climb to=[2, 39] e=2
[B:MINER#13877@246] @climb to=[37, 2] e=2
[A:MINER#13431@246] @climb to=[1, 39] e=1
[A:MINER#10044@246] @climb to=[1, 38] e=1
[A:DESIGN_SCHOOL#12062@246] @build t=6 at=[0, 38] soup=4
[A:MINER#13431@247] @bc t=1 used=5930 max=6515 near=0 over=0
[A:LANDSCAPER#12701@247] @origin x=0 y=0
[B:MINER#13097@248] @climb to=[38, 2] e=2
[B:MINER#13877@248] @climb to=[37, 2] e=2
[B:REFINERY#12515@249] @bc t=2 used=16 max=3948 near=0 over=0
[A:MINER#13222@253] @bc t=1 used=4511 max=7017 near=0 over=0
[B:MINER#13877@256] @climb to=[37, 2] e=2
[A:LANDSCAPER#11374@260] @bc t=6 used=2058 max=7425 near=0 over=0
[A:LANDSCAPER#11374@261] @badseat [5, 36]
[B:DESIGN_SCHOOL#12952@262] @build t=6 at=[37, 1] soup=1
[B:LANDSCAPER#13550@263] @origin x=0 y=0
[B:MINER#12983@270] @deposit n=73
[A:REFINERY#11005@272] @bc t=2 used=16 max=3946 near=0 over=0
[B:LANDSCAPER#12316@272] @bc t=6 used=1815 max=6403 near=0 over=0
[B:LANDSCAPER#13550@272] @seated at=[36, 2]
[B:MINER#12983@285] @explore to=[12, 4] unseen=22
[A:LANDSCAPER#11374@291] @badseat [5, 37]
[B:DESIGN_SCHOOL#12952@294] @bc t=4 used=705 max=4876 near=1 over=0
[A:DESIGN_SCHOOL#12062@295] @bc t=4 used=713 max=4828 near=1 over=0
[A:HQ#0@300] @econ soup=56 built=8 minersSeen=5 ring=3 buried=0 sym=7
[A:HQ#0@300] @bc t=0 used=1388 max=5246 near=0 over=0
[B:HQ#1@300] @econ soup=111 built=5 minersSeen=4 ring=3 buried=0 sym=7
[B:HQ#1@300] @bc t=0 used=1197 max=5243 near=0 over=0
[A:MINER#11691@300] @minerstat builder=true mined=28 deposits=16 explores=2 soupMem=10 unreachable=0
[B:MINER#11243@300] @minerstat builder=true mined=29 deposits=20 explores=1 soupMem=12 unreachable=0
[A:MINER#13758@300] @minerstat builder=false mined=33 deposits=24 explores=1 soupMem=11 unreachable=0
[B:MINER#13097@300] @minerstat builder=false mined=26 deposits=15 explores=1 soupMem=12 unreachable=0
[A:MINER#12547@300] @minerstat builder=false mined=32 deposits=14 explores=1 soupMem=9 unreachable=0
[B:MINER#13877@300] @minerstat builder=false mined=20 deposits=10 explores=1 soupMem=12 unreachable=0
[B:MINER#12983@300] @minerstat builder=false mined=68 deposits=11 explores=3 soupMem=9 unreachable=2
[A:MINER#13826@300] @minerstat builder=false mined=23 deposits=14 explores=1 soupMem=10 unreachable=0
[A:MINER#12659@300] @minerstat builder=false mined=6 deposits=6 explores=1 soupMem=12 unreachable=0
[B:MINER#10880@300] @minerstat builder=false mined=0 deposits=0 explores=1 soupMem=4 unreachable=2
[A:LANDSCAPER#11696@300] @wallstat seat=[3, 37] attacker=false helper=false helperDeps=0 eq=11 borrow=0 digs=85 deps=85 hqDigs=0 bury=0 elev=78
[A:LANDSCAPER#13539@300] @wallstat seat=[3, 38] attacker=false helper=false helperDeps=0 eq=2 borrow=0 digs=77 deps=76 hqDigs=0 bury=0 elev=80
[A:LANDSCAPER#11096@300] @wallstat seat=[3, 36] attacker=false helper=false helperDeps=0 eq=0 borrow=0 digs=68 deps=68 hqDigs=0 bury=0 elev=77
[A:LANDSCAPER#11374@300] @wallstat seat=[5, 38] attacker=false helper=false helperDeps=0 eq=0 borrow=0 digs=0 deps=0 hqDigs=0 bury=0 elev=2
[B:LANDSCAPER#12316@300] @wallstat seat=[35, 1] attacker=false helper=false helperDeps=0 eq=0 borrow=0 digs=0 deps=0 hqDigs=0 bury=0 elev=18
[B:LANDSCAPER#11251@300] @wallstat seat=[36, 1] attacker=false helper=false helperDeps=0 eq=20 borrow=0 digs=40 deps=39 hqDigs=0 bury=0 elev=21
[B:LANDSCAPER#13550@300] @wallstat seat=[36, 2] attacker=false helper=false helperDeps=0 eq=0 borrow=0 digs=13 deps=12 hqDigs=0 bury=0 elev=20
[A:MINER#11691@301] @bc t=1 used=4880 max=8063 near=0 over=0
[B:MINER#11243@301] @bc t=1 used=4197 max=6753 near=0 over=0
[A:MINER#13758@302] @bc t=1 used=5932 max=7406 near=0 over=0
[B:MINER#13097@302] @bc t=1 used=1545 max=7437 near=0 over=0
[A:LANDSCAPER#11696@305] @bc t=6 used=1946 max=7030 near=0 over=0
[B:LANDSCAPER#11251@305] @bc t=6 used=1837 max=6857 near=0 over=0
[B:MINER#12983@310] @deposit n=70
[B:DESIGN_SCHOOL#12952@312] @build t=6 at=[37, 1] soup=33
[A:MINER#12547@313] @bc t=1 used=4377 max=5620 near=0 over=0
[B:LANDSCAPER#10664@313] @origin x=0 y=0
[B:MINER#13877@314] @bc t=1 used=1197 max=7099 near=0 over=0
[A:LANDSCAPER#11374@321] @badseat [5, 38]
[A:LANDSCAPER#11374@321] @helper post=[6, 36]
[B:MINER#12983@323] @bc t=1 used=3370 max=5958 near=0 over=0
[A:MINER#13826@324] @bc t=1 used=4873 max=6086 near=0 over=0
[A:LANDSCAPER#13539@324] @bc t=6 used=1591 max=7164 near=0 over=0
[B:LANDSCAPER#10664@328] @seated at=[36, 3]
[A:MINER#12659@342] @bc t=1 used=4128 max=6882 near=0 over=0
[B:MINER#10880@343] @bc t=1 used=3584 max=6150 near=0 over=0
[A:LANDSCAPER#11096@344] @bc t=6 used=1713 max=7330 near=0 over=0
[B:MINER#12983@349] @deposit n=75
[B:REFINERY#12515@349] @bc t=2 used=16 max=3948 near=0 over=0
[A:LANDSCAPER#11374@351] @badpost [6, 36]
[B:DESIGN_SCHOOL#12952@352] @build t=6 at=[37, 1] soup=5
[B:LANDSCAPER#12094@353] @origin x=0 y=0
[A:LANDSCAPER#11374@360] @bc t=6 used=2015 max=7425 near=0 over=0
[B:LANDSCAPER#13550@362] @bc t=6 used=1570 max=7082 near=0 over=0
[B:MINER#12983@368] @unreachable soup=[25, 5]
[A:REFINERY#11005@372] @bc t=2 used=16 max=3946 near=0 over=0
[B:LANDSCAPER#12316@372] @bc t=6 used=1961 max=6403 near=0 over=0
[A:LANDSCAPER#11374@382] @badpost [5, 39]
[B:DESIGN_SCHOOL#12952@394] @bc t=4 used=849 max=4876 near=1 over=0
[A:DESIGN_SCHOOL#12062@395] @bc t=4 used=713 max=4828 near=1 over=0
[B:MINER#12983@399] @deposit n=70
[A:HQ#0@400] @econ soup=154 built=8 minersSeen=5 ring=3 buried=0 sym=7
[A:HQ#0@400] @bc t=0 used=1388 max=5246 near=0 over=0
[B:HQ#1@400] @econ soup=72 built=5 minersSeen=5 ring=4 buried=0 sym=7
[B:HQ#1@400] @bc t=0 used=1494 max=5243 near=0 over=0
[A:MINER#11691@400] @minerstat builder=true mined=28 deposits=16 explores=2 soupMem=10 unreachable=0
[B:MINER#11243@400] @minerstat builder=true mined=29 deposits=20 explores=1 soupMem=12 unreachable=0
[A:MINER#13758@400] @minerstat builder=false mined=33 deposits=24 explores=1 soupMem=11 unreachable=0
[B:MINER#13097@400] @minerstat builder=false mined=26 deposits=15 explores=1 soupMem=12 unreachable=0
[A:MINER#12547@400] @minerstat builder=false mined=32 deposits=14 explores=1 soupMem=9 unreachable=0
[B:MINER#13877@400] @minerstat builder=false mined=20 deposits=10 explores=1 soupMem=12 unreachable=0
[B:MINER#12983@400] @minerstat builder=false mined=89 deposits=14 explores=3 soupMem=7 unreachable=3
[A:MINER#13826@400] @minerstat builder=false mined=23 deposits=14 explores=1 soupMem=10 unreachable=0
[A:MINER#12659@400] @minerstat builder=false mined=6 deposits=6 explores=1 soupMem=12 unreachable=0
[B:MINER#10880@400] @minerstat builder=false mined=0 deposits=0 explores=1 soupMem=4 unreachable=2
[A:LANDSCAPER#11696@400] @wallstat seat=[3, 37] attacker=false helper=false helperDeps=0 eq=11 borrow=0 digs=132 deps=132 hqDigs=0 bury=0 elev=125
[A:LANDSCAPER#13539@400] @wallstat seat=[3, 38] attacker=false helper=false helperDeps=0 eq=2 borrow=0 digs=123 deps=123 hqDigs=0 bury=0 elev=127
[A:LANDSCAPER#11096@400] @wallstat seat=[3, 36] attacker=false helper=false helperDeps=0 eq=0 borrow=0 digs=115 deps=114 hqDigs=0 bury=0 elev=123
[A:LANDSCAPER#11374@400] @wallstat seat=null attacker=false helper=true helperDeps=0 eq=0 borrow=0 digs=0 deps=0 hqDigs=0 bury=0 elev=2
[B:LANDSCAPER#12316@400] @wallstat seat=[35, 1] attacker=false helper=false helperDeps=0 eq=0 borrow=0 digs=0 deps=0 hqDigs=0 bury=0 elev=44
[B:LANDSCAPER#11251@400] @wallstat seat=[36, 1] attacker=false helper=false helperDeps=0 eq=41 borrow=0 digs=86 deps=85 hqDigs=0 bury=0 elev=46
[B:LANDSCAPER#13550@400] @wallstat seat=[36, 2] attacker=false helper=false helperDeps=0 eq=23 borrow=0 digs=59 deps=58 hqDigs=0 bury=0 elev=47
[B:LANDSCAPER#10664@400] @wallstat seat=[36, 3] attacker=false helper=false helperDeps=0 eq=1 borrow=0 digs=33 deps=33 hqDigs=0 bury=0 elev=49
[B:LANDSCAPER#12094@400] @wallstat seat=[34, 1] attacker=false helper=false helperDeps=0 eq=0 borrow=0 digs=0 deps=0 hqDigs=0 bury=0 elev=2
[A:MINER#11691@401] @bc t=1 used=4880 max=8063 near=0 over=0
[B:MINER#11243@401] @bc t=1 used=4403 max=6753 near=0 over=0
[A:MINER#13758@402] @bc t=1 used=4615 max=7406 near=0 over=0
[B:MINER#13097@402] @bc t=1 used=1510 max=7437 near=0 over=0
[A:LANDSCAPER#11696@405] @bc t=6 used=1565 max=7030 near=0 over=0
[B:LANDSCAPER#11251@405] @bc t=6 used=874 max=6857 near=0 over=0
[B:LANDSCAPER#10664@412] @bc t=6 used=1816 max=7295 near=0 over=0
[A:MINER#12547@413] @bc t=1 used=4377 max=5620 near=0 over=0
[A:LANDSCAPER#11374@413] @badpost [6, 37]
[B:MINER#13877@414] @bc t=1 used=1828 max=7099 near=0 over=0
[B:LANDSCAPER#12094@422] @badseat [34, 1]
[B:MINER#12983@423] @bc t=1 used=2744 max=6371 near=0 over=0
[A:MINER#13826@424] @bc t=1 used=4754 max=6108 near=0 over=0
[A:LANDSCAPER#13539@424] @bc t=6 used=1799 max=7164 near=0 over=0
[B:DESIGN_SCHOOL#12952@429] @build t=6 at=[37, 1] soup=0
[B:LANDSCAPER#12226@430] @origin x=0 y=0
[B:MINER#12983@431] @explore to=[12, 12] unseen=21
[A:MINER#12659@442] @bc t=1 used=4009 max=6882 near=0 over=0
[B:MINER#10880@443] @bc t=1 used=3617 max=6150 near=0 over=0
[B:MINER#12983@444] @unreachable soup=[15, 5]
[A:LANDSCAPER#11096@444] @bc t=6 used=1703 max=7330 near=0 over=0
[A:LANDSCAPER#11374@444] @badpost [6, 35]
[A:HQ#0@447] @build t=1 at=[5, 38] soup=130
[A:MINER#10447@448] @miner builder=false
[A:MINER#10447@448] @explore to=[19, 57] unseen=-1
[B:REFINERY#12515@449] @bc t=2 used=16 max=3948 near=0 over=0
[B:LANDSCAPER#12094@452] @bc t=6 used=1861 max=7273 near=0 over=0
[A:MINER#12547@454] @climb to=[3, 39] e=2
[B:MINER#13877@454] @climb to=[39, 2] e=2
[B:LANDSCAPER#12094@454] @climb to=[39, 3] e=2
[B:LANDSCAPER#12226@454] @climb to=[38, 2] e=2
[A:MINER#12547@455] @climb to=[4, 39] e=4
[B:MINER#13877@455] @climb to=[38, 3] e=2
[B:LANDSCAPER#12226@455] @climb to=[37, 3] e=2
[B:MINER#13097@456] @climb to=[38, 2] e=2
[B:MINER#13877@456] @climb to=[39, 3] e=2
[B:LANDSCAPER#12094@456] @climb to=[38, 3] e=2
[B:MINER#13097@457] @climb to=[37, 1] e=2
[B:LANDSCAPER#12094@457] @climb to=[39, 2] e=2
[B:LANDSCAPER#12226@457] @climb to=[38, 3] e=2
[A:MINER#10447@457] @offring
[B:MINER#13877@458] @climb to=[37, 3] e=2
[B:LANDSCAPER#12094@458] @climb to=[38, 2] e=2
[B:LANDSCAPER#12226@458] @climb to=[39, 2] e=2
[B:LANDSCAPER#12094@459] @climb to=[39, 3] e=2
[B:LANDSCAPER#12226@459] @climb to=[38, 3] e=2
[B:MINER#13097@460] @climb to=[38, 2] e=2
[A:LANDSCAPER#11374@460] @bc t=6 used=2514 max=7425 near=0 over=0
[B:LANDSCAPER#12226@460] @climb to=[39, 3] e=2
[B:MINER#13097@461] @climb to=[37, 1] e=2
[B:MINER#13877@461] @climb to=[38, 2] e=2
[B:LANDSCAPER#12094@461] @climb to=[38, 3] e=2
[B:MINER#13877@462] @climb to=[37, 3] e=2
[B:LANDSCAPER#13550@462] @bc t=6 used=1630 max=7082 near=0 over=0
[B:LANDSCAPER#12226@462] @climb to=[38, 2] e=2
[B:LANDSCAPER#12094@463] @climb to=[39, 2] e=2
[B:LANDSCAPER#12226@463] @climb to=[39, 3] e=2
[B:MINER#13097@464] @climb to=[38, 2] e=2
[B:MINER#13877@464] @climb to=[38, 3] e=2
[A:REFINERY#11005@472] @bc t=2 used=16 max=3946 near=0 over=0
[B:LANDSCAPER#12316@472] @bc t=6 used=2153 max=6403 near=0 over=0
[B:MINER#12983@479] @deposit n=75
[A:HQ#0@500] @econ soup=182 built=9 minersSeen=4 ring=3 buried=0 sym=7
[A:HQ#0@500] @bc t=0 used=1145 max=5246 near=0 over=0
[B:HQ#1@500] @econ soup=144 built=5 minersSeen=2 ring=4 buried=0 sym=7
[B:HQ#1@500] @bc t=0 used=1164 max=5243 near=0 over=0
[B:MINER#11243@500] @minerstat builder=true mined=29 deposits=20 explores=1 soupMem=12 unreachable=0
[A:MINER#13758@500] @minerstat builder=false mined=33 deposits=24 explores=1 soupMem=11 unreachable=0
[A:MINER#12547@500] @minerstat builder=false mined=32 deposits=14 explores=1 soupMem=9 unreachable=0
[B:MINER#12983@500] @minerstat builder=false mined=100 deposits=15 explores=4 soupMem=11 unreachable=4
[A:MINER#12659@500] @minerstat builder=false mined=6 deposits=6 explores=1 soupMem=12 unreachable=0
[B:MINER#10880@500] @minerstat builder=false mined=0 deposits=0 explores=1 soupMem=4 unreachable=2
[A:LANDSCAPER#11696@500] @wallstat seat=[3, 37] attacker=false helper=false helperDeps=0 eq=57 borrow=0 digs=178 deps=178 hqDigs=0 bury=0 elev=125
[A:LANDSCAPER#13539@500] @wallstat seat=[3, 38] attacker=false helper=false helperDeps=0 eq=48 borrow=0 digs=170 deps=169 hqDigs=0 bury=0 elev=127
[A:LANDSCAPER#11096@500] @wallstat seat=[3, 36] attacker=false helper=false helperDeps=0 eq=47 borrow=0 digs=161 deps=161 hqDigs=0 bury=0 elev=123
[B:LANDSCAPER#12316@500] @wallstat seat=[35, 1] attacker=false helper=false helperDeps=0 eq=16 borrow=0 digs=16 deps=16 hqDigs=0 bury=0 elev=64
[B:LANDSCAPER#11251@500] @wallstat seat=[36, 1] attacker=false helper=false helperDeps=0 eq=67 borrow=0 digs=131 deps=131 hqDigs=0 bury=0 elev=66
[B:LANDSCAPER#13550@500] @wallstat seat=[36, 2] attacker=false helper=false helperDeps=0 eq=57 borrow=0 digs=105 deps=104 hqDigs=0 bury=0 elev=66
[B:LANDSCAPER#10664@500] @wallstat seat=[36, 3] attacker=false helper=false helperDeps=0 eq=28 borrow=0 digs=79 deps=78 hqDigs=0 bury=0 elev=67
[A:MINER#10447@500] @minerstat builder=false mined=0 deposits=0 explores=1 soupMem=4 unreachable=0
[B:MINER#11243@501] @bc t=1 used=4165 max=6753 near=0 over=0
[A:MINER#13758@502] @bc t=1 used=5846 max=7406 near=0 over=0
[A:LANDSCAPER#11696@505] @bc t=6 used=1921 max=7030 near=0 over=0
[B:LANDSCAPER#11251@505] @bc t=6 used=1897 max=6857 near=0 over=0
[B:LANDSCAPER#10664@512] @bc t=6 used=1523 max=7295 near=0 over=0
[A:MINER#12547@513] @bc t=1 used=4070 max=5620 near=0 over=0
[A:HQ#0@518] @build t=1 at=[5, 36] soup=130
[A:MINER#11086@519] @miner builder=false
[A:MINER#11086@519] @explore to=[2, 31] unseen=-1
[B:MINER#12983@523] @bc t=1 used=3251 max=6371 near=0 over=0
[A:LANDSCAPER#13539@524] @bc t=6 used=1486 max=7164 near=0 over=0
[A:MINER#11086@528] @offring slide
[A:MINER#11086@529] @offring
[A:MINER#11086@541] @unreachable soup=[3, 34]
[A:MINER#12659@542] @bc t=1 used=3923 max=6882 near=0 over=0
[B:MINER#10880@543] @bc t=1 used=3515 max=6150 near=0 over=0
[A:LANDSCAPER#11096@544] @bc t=6 used=1690 max=7330 near=0 over=0
[A:MINER#10447@547] @bc t=1 used=3463 max=5383 near=0 over=0
[B:REFINERY#12515@549] @bc t=2 used=16 max=3948 near=0 over=0
[B:MINER#12983@550] @deposit n=70
[B:HQ#1@551] @build t=1 at=[34, 3] soup=143
[B:MINER#10474@552] @miner builder=false
[B:MINER#10474@552] @explore to=[33, 6] unseen=-1
[B:MINER#10474@553] @explore to=[33, -11] unseen=-1
[B:MINER#10474@561] @offring
[B:HQ#1@562] @build t=1 at=[34, 3] soup=134
[B:LANDSCAPER#13550@562] @bc t=6 used=2199 max=7082 near=0 over=0
[B:MINER#12467@563] @miner builder=false
[B:MINER#12467@563] @explore to=[51, 20] unseen=-1
[A:MINER#11086@564] @deposit n=75
[A:REFINERY#11005@572] @bc t=2 used=16 max=3946 near=0 over=0
[B:LANDSCAPER#12316@572] @bc t=6 used=1387 max=6403 near=0 over=0
[B:MINER#12467@572] @offring
[B:MINER#10474@573] @unreachable soup=[36, 3]
[A:HQ#0@578] @build t=1 at=[5, 37] soup=193
[A:MINER#13569@579] @miner builder=false
[A:MINER#13569@579] @explore to=[16, 35] unseen=-1
[B:MINER#12467@584] @unreachable soup=[36, 3]
[A:MINER#13569@588] @offring
[A:MINER#11086@592] @deposit n=70
[B:MINER#12467@598] @unreachable soup=[25, 5]
[A:HQ#0@600] @econ soup=285 built=11 minersSeen=5 ring=3 buried=0 sym=7
[A:HQ#0@600] @bc t=0 used=1197 max=5246 near=0 over=0
[B:HQ#1@600] @econ soup=172 built=7 minersSeen=3 ring=4 buried=0 sym=7
[B:HQ#1@600] @bc t=0 used=1211 max=5243 near=0 over=0
[B:MINER#11243@600] @minerstat builder=true mined=29 deposits=20 explores=1 soupMem=12 unreachable=0
[A:MINER#13758@600] @minerstat builder=false mined=33 deposits=24 explores=1 soupMem=11 unreachable=0
[A:MINER#12547@600] @minerstat builder=false mined=32 deposits=14 explores=1 soupMem=9 unreachable=0
[B:MINER#12983@600] @minerstat builder=false mined=121 deposits=16 explores=4 soupMem=12 unreachable=4
[A:MINER#12659@600] @minerstat builder=false mined=6 deposits=6 explores=1 soupMem=12 unreachable=0
[B:MINER#10880@600] @minerstat builder=false mined=0 deposits=0 explores=1 soupMem=4 unreachable=2
[A:LANDSCAPER#11696@600] @wallstat seat=[3, 37] attacker=false helper=false helperDeps=0 eq=95 borrow=0 digs=224 deps=224 hqDigs=0 bury=0 elev=133
[A:LANDSCAPER#13539@600] @wallstat seat=[3, 38] attacker=false helper=false helperDeps=0 eq=88 borrow=0 digs=215 deps=215 hqDigs=0 bury=0 elev=133
[A:LANDSCAPER#11096@600] @wallstat seat=[3, 36] attacker=false helper=false helperDeps=0 eq=82 borrow=0 digs=207 deps=206 hqDigs=0 bury=0 elev=133
[B:LANDSCAPER#12316@600] @wallstat seat=[35, 1] attacker=false helper=false helperDeps=0 eq=62 borrow=0 digs=62 deps=62 hqDigs=0 bury=0 elev=92
[B:LANDSCAPER#11251@600] @wallstat seat=[36, 1] attacker=false helper=false helperDeps=0 eq=85 borrow=0 digs=177 deps=177 hqDigs=0 bury=0 elev=94
[B:LANDSCAPER#13550@600] @wallstat seat=[36, 2] attacker=false helper=false helperDeps=0 eq=75 borrow=0 digs=151 deps=150 hqDigs=0 bury=0 elev=94
[B:LANDSCAPER#10664@600] @wallstat seat=[36, 3] attacker=false helper=false helperDeps=0 eq=47 borrow=0 digs=125 deps=124 hqDigs=0 bury=0 elev=94
[A:MINER#10447@600] @minerstat builder=false mined=0 deposits=0 explores=1 soupMem=4 unreachable=0
[A:MINER#11086@600] @minerstat builder=false mined=21 deposits=2 explores=1 soupMem=8 unreachable=1
[B:MINER#10474@600] @minerstat builder=false mined=0 deposits=0 explores=2 soupMem=6 unreachable=1
[B:MINER#10474@600] @unreachable soup=[36, 6]
[B:MINER#12467@600] @minerstat builder=false mined=0 deposits=0 explores=1 soupMem=9 unreachable=2
[A:MINER#13569@600] @minerstat builder=false mined=0 deposits=0 explores=1 soupMem=7 unreachable=0
[B:MINER#11243@601] @bc t=1 used=4093 max=6753 near=0 over=0
[A:MINER#13758@602] @bc t=1 used=4457 max=7406 near=0 over=0
[A:LANDSCAPER#11696@605] @bc t=6 used=1452 max=7030 near=0 over=0
[B:LANDSCAPER#11251@605] @bc t=6 used=1778 max=6857 near=0 over=0
[B:MINER#12467@610] @unreachable soup=[15, 5]
[B:LANDSCAPER#10664@612] @bc t=6 used=1523 max=7295 near=0 over=0
[A:MINER#12547@613] @bc t=1 used=3998 max=5620 near=0 over=0
[A:MINER#11086@618] @bc t=1 used=3206 max=5311 near=0 over=0
[B:MINER#12467@618] @origin x=0 y=0
[A:MINER#13569@618] @explore to=[32, 52] unseen=-1
[A:MINER#11086@620] @deposit n=70
[B:MINER#12983@623] @bc t=1 used=3523 max=6371 near=0 over=0
[A:LANDSCAPER#13539@624] @bc t=6 used=1534 max=7164 near=0 over=0
[B:MINER#12983@626] @deposit n=75
[B:HQ#1@627] @build t=1 at=[34, 3] soup=147
[B:MINER#11871@628] @miner builder=false
[B:MINER#11871@628] @explore to=[47, -15] unseen=-1
[B:MINER#10474@633] @deposit n=70
[B:MINER#11871@637] @offring
[A:HQ#0@638] @build t=1 at=[5, 36] soup=322
[A:MINER#11044@639] @miner builder=false
[A:MINER#11044@639] @explore to=[10, 35] unseen=-1
[A:MINER#12659@642] @bc t=1 used=4048 max=6882 near=0 over=0
[B:MINER#10880@643] @bc t=1 used=3396 max=6150 near=0 over=0
[A:LANDSCAPER#11096@644] @bc t=6 used=1608 max=7330 near=0 over=0
[A:MINER#13569@646] @unreachable soup=[3, 34]
[A:MINER#10447@647] @bc t=1 used=3566 max=5383 near=0 over=0
[A:MINER#11044@648] @offring slide
[B:REFINERY#12515@649] @bc t=2 used=16 max=3948 near=0 over=0
[A:MINER#11044@649] @offring
[A:MINER#11086@651] @deposit n=73
[B:MINER#10474@651] @bc t=1 used=2991 max=5301 near=0 over=0
[A:MINER#11044@654] @explore to=[13, 54] unseen=-1
[B:LANDSCAPER#13550@662] @bc t=6 used=1434 max=7082 near=0 over=0
[B:MINER#12467@662] @bc t=1 used=2775 max=5183 near=0 over=0
[B:MINER#12467@665] @deposit n=75
[A:REFINERY#11005@672] @bc t=2 used=16 max=3946 near=0 over=0
[B:LANDSCAPER#12316@672] @bc t=6 used=1387 max=6403 near=0 over=0
[A:MINER#11044@675] @unreachable soup=[3, 34]
[A:MINER#13569@678] @bc t=1 used=1754 max=5327 near=0 over=0
[B:HQ#1@687] @build t=1 at=[34, 3] soup=336
[B:MINER#10802@688] @miner builder=false
[B:MINER#10802@688] @explore to=[44, -14] unseen=-1
[B:MINER#10802@697] @offring
[A:HQ#0@698] @build t=1 at=[5, 36] soup=384
[A:MINER#13569@698] @deposit n=75
[A:MINER#12786@699] @miner builder=false
[A:MINER#12786@699] @explore to=[7, 19] unseen=-1
[A:HQ#0@700] @econ soup=406 built=13 minersSeen=6 ring=3 buried=0 sym=7
[A:HQ#0@700] @bc t=0 used=1249 max=5246 near=0 over=0
[B:HQ#1@700] @econ soup=349 built=9 minersSeen=6 ring=4 buried=0 sym=7
[B:HQ#1@700] @bc t=0 used=1362 max=5243 near=0 over=0
[B:MINER#11243@700] @minerstat builder=true mined=29 deposits=20 explores=1 soupMem=12 unreachable=0
[A:MINER#13758@700] @minerstat builder=false mined=33 deposits=24 explores=1 soupMem=11 unreachable=0
[A:MINER#12547@700] @minerstat builder=false mined=32 deposits=14 explores=1 soupMem=9 unreachable=0
[B:MINER#12983@700] @minerstat builder=false mined=131 deposits=17 explores=4 soupMem=11 unreachable=4
[A:MINER#12659@700] @minerstat builder=false mined=6 deposits=6 explores=1 soupMem=12 unreachable=0
[B:MINER#10880@700] @minerstat builder=false mined=0 deposits=0 explores=1 soupMem=4 unreachable=2
[A:LANDSCAPER#11696@700] @wallstat seat=[3, 37] attacker=false helper=false helperDeps=0 eq=113 borrow=0 digs=269 deps=269 hqDigs=0 bury=0 elev=160
[A:LANDSCAPER#13539@700] @wallstat seat=[3, 38] attacker=false helper=false helperDeps=0 eq=106 borrow=0 digs=261 deps=260 hqDigs=0 bury=0 elev=160
[A:LANDSCAPER#11096@700] @wallstat seat=[3, 36] attacker=false helper=false helperDeps=0 eq=101 borrow=0 digs=252 deps=252 hqDigs=0 bury=0 elev=160
[B:LANDSCAPER#12316@700] @wallstat seat=[35, 1] attacker=false helper=false helperDeps=0 eq=107 borrow=0 digs=107 deps=107 hqDigs=0 bury=0 elev=118
[B:LANDSCAPER#11251@700] @wallstat seat=[36, 1] attacker=false helper=false helperDeps=0 eq=103 borrow=0 digs=222 deps=222 hqDigs=0 bury=0 elev=121
[B:LANDSCAPER#13550@700] @wallstat seat=[36, 2] attacker=false helper=false helperDeps=0 eq=93 borrow=0 digs=195 deps=195 hqDigs=0 bury=0 elev=121
[B:LANDSCAPER#10664@700] @wallstat seat=[36, 3] attacker=false helper=false helperDeps=0 eq=65 borrow=0 digs=170 deps=169 hqDigs=0 bury=0 elev=121
[A:MINER#10447@700] @minerstat builder=false mined=0 deposits=0 explores=1 soupMem=4 unreachable=0
[A:MINER#11086@700] @minerstat builder=false mined=49 deposits=4 explores=1 soupMem=9 unreachable=1
[B:MINER#10474@700] @minerstat builder=false mined=12 deposits=1 explores=2 soupMem=4 unreachable=2
[B:MINER#12467@700] @minerstat builder=false mined=11 deposits=1 explores=1 soupMem=12 unreachable=3
[A:MINER#13569@700] @minerstat builder=false mined=11 deposits=1 explores=2 soupMem=7 unreachable=1
[B:MINER#11871@700] @minerstat builder=false mined=0 deposits=0 explores=1 soupMem=12 unreachable=0
[A:MINER#11044@700] @minerstat builder=false mined=10 deposits=0 explores=2 soupMem=2 unreachable=1
[B:MINER#10802@700] @minerstat builder=false mined=0 deposits=0 explores=1 soupMem=11 unreachable=0
[A:MINER#12786@700] @minerstat builder=false mined=0 deposits=0 explores=1 soupMem=0 unreachable=0
[B:MINER#11243@701] @bc t=1 used=4187 max=6753 near=0 over=0
[A:MINER#13758@702] @bc t=1 used=5852 max=7406 near=0 over=0
[B:MINER#12983@704] @deposit n=70
[A:LANDSCAPER#11696@705] @bc t=6 used=1452 max=7030 near=0 over=0
[B:LANDSCAPER#11251@705] @bc t=6 used=1602 max=6857 near=0 over=0
[A:MINER#11044@708] @deposit n=70
[A:MINER#12786@708] @offring slide
[A:MINER#12786@709] @offring
[B:LANDSCAPER#10664@712] @bc t=6 used=1740 max=7295 near=0 over=0
[A:MINER#12547@713] @bc t=1 used=3825 max=5620 near=0 over=0
[A:MINER#11086@718] @bc t=1 used=3281 max=5311 near=0 over=0
[B:MINER#12983@723] @bc t=1 used=3474 max=6371 near=0 over=0
[A:LANDSCAPER#13539@724] @bc t=6 used=1595 max=7164 near=0 over=0
[B:MINER#11871@727] @bc t=1 used=5304 max=5304 near=0 over=0
[A:MINER#11044@738] @bc t=1 used=2897 max=5368 near=0 over=0
[B:MINER#11871@739] @unreachable soup=[36, 3]
[A:MINER#12659@742] @bc t=1 used=4017 max=6882 near=0 over=0
[B:MINER#10880@743] @bc t=1 used=3490 max=6150 near=0 over=0
[B:MINER#12467@743] @deposit n=70
[A:LANDSCAPER#11096@744] @bc t=6 used=1553 max=7330 near=0 over=0
[B:HQ#1@747] @build t=1 at=[34, 3] soup=455
[A:MINER#10447@747] @bc t=1 used=3679 max=5383 near=0 over=0
[B:MINER#12016@748] @miner builder=false
[B:MINER#12016@748] @explore to=[43, 11] unseen=-1
[B:REFINERY#12515@749] @bc t=2 used=16 max=3948 near=0 over=0
[B:MINER#10474@751] @bc t=1 used=1558 max=5301 near=0 over=0
[B:MINER#12016@757] @offring
[A:HQ#0@758] @build t=1 at=[5, 36] soup=517
[A:MINER#11265@759] @miner builder=false
[A:MINER#11265@759] @explore to=[1, 41] unseen=-1
[B:LANDSCAPER#13550@762] @bc t=6 used=2080 max=7082 near=0 over=0
[B:MINER#12467@762] @bc t=1 used=2743 max=5183 near=0 over=0
[A:MINER#11265@768] @offring slide
[A:MINER#11265@769] @offring
[A:MINER#11044@771] @deposit n=7
[A:REFINERY#11005@772] @bc t=2 used=16 max=3946 near=0 over=0
[B:LANDSCAPER#12316@772] @bc t=6 used=1543 max=6403 near=0 over=0
[A:MINER#13569@778] @bc t=1 used=3324 max=5327 near=0 over=0
[B:MINER#12983@783] @deposit n=70
[B:MINER#10802@787] @bc t=1 used=2974 max=5212 near=0 over=0
[A:MINER#12786@798] @bc t=1 used=2864 max=5368 near=0 over=0
[A:HQ#0@800] @econ soup=566 built=14 minersSeen=6 ring=3 buried=0 sym=7
[A:HQ#0@800] @bc t=0 used=1249 max=5246 near=0 over=0
[B:HQ#1@800] @econ soup=587 built=10 minersSeen=5 ring=4 buried=0 sym=7
[B:HQ#1@800] @bc t=0 used=1310 max=5243 near=0 over=0
[B:MINER#11243@800] @minerstat builder=true mined=29 deposits=20 explores=1 soupMem=12 unreachable=0
[A:MINER#13758@800] @minerstat builder=false mined=33 deposits=24 explores=1 soupMem=11 unreachable=0
[A:MINER#12547@800] @minerstat builder=false mined=32 deposits=14 explores=1 soupMem=9 unreachable=0
[B:MINER#12983@800] @minerstat builder=false mined=141 deposits=19 explores=4 soupMem=10 unreachable=4
[A:MINER#12659@800] @minerstat builder=false mined=6 deposits=6 explores=1 soupMem=12 unreachable=0
[B:MINER#10880@800] @minerstat builder=false mined=0 deposits=0 explores=1 soupMem=4 unreachable=2
[A:LANDSCAPER#11696@800] @wallstat seat=[3, 37] attacker=false helper=false helperDeps=0 eq=131 borrow=0 digs=314 deps=313 hqDigs=0 bury=0 elev=186
[A:LANDSCAPER#13539@800] @wallstat seat=[3, 38] attacker=false helper=false helperDeps=0 eq=124 borrow=0 digs=305 deps=305 hqDigs=0 bury=0 elev=187
[A:LANDSCAPER#11096@800] @wallstat seat=[3, 36] attacker=false helper=false helperDeps=0 eq=118 borrow=0 digs=297 deps=296 hqDigs=0 bury=0 elev=187
[B:LANDSCAPER#12316@800] @wallstat seat=[35, 1] attacker=false helper=false helperDeps=0 eq=151 borrow=0 digs=152 deps=151 hqDigs=0 bury=0 elev=145
[B:LANDSCAPER#11251@800] @wallstat seat=[36, 1] attacker=false helper=false helperDeps=0 eq=121 borrow=0 digs=267 deps=266 hqDigs=0 bury=0 elev=147
[B:LANDSCAPER#13550@800] @wallstat seat=[36, 2] attacker=false helper=false helperDeps=0 eq=110 borrow=0 digs=240 deps=239 hqDigs=0 bury=0 elev=148
[B:LANDSCAPER#10664@800] @wallstat seat=[36, 3] attacker=false helper=false helperDeps=0 eq=83 borrow=0 digs=214 deps=214 hqDigs=0 bury=0 elev=148
[A:MINER#10447@800] @minerstat builder=false mined=0 deposits=0 explores=1 soupMem=4 unreachable=0
[A:MINER#11086@800] @minerstat builder=false mined=49 deposits=4 explores=1 soupMem=8 unreachable=1
[B:MINER#10474@800] @minerstat builder=false mined=12 deposits=1 explores=2 soupMem=4 unreachable=2
[B:MINER#12467@800] @minerstat builder=false mined=31 deposits=2 explores=1 soupMem=12 unreachable=3
[A:MINER#13569@800] @minerstat builder=false mined=15 deposits=1 explores=2 soupMem=8 unreachable=1
[B:MINER#11871@800] @minerstat builder=false mined=0 deposits=0 explores=1 soupMem=8 unreachable=1
[A:MINER#11044@800] @minerstat builder=false mined=11 deposits=2 explores=2 soupMem=4 unreachable=1
[B:MINER#10802@800] @minerstat builder=false mined=0 deposits=0 explores=1 soupMem=12 unreachable=0
[A:MINER#12786@800] @minerstat builder=false mined=0 deposits=0 explores=1 soupMem=10 unreachable=0
[B:MINER#12016@800] @minerstat builder=false mined=0 deposits=0 explores=1 soupMem=11 unreachable=0
[A:MINER#11265@800] @minerstat builder=false mined=0 deposits=0 explores=1 soupMem=10 unreachable=0
[B:MINER#11243@801] @bc t=1 used=4306 max=6753 near=0 over=0
[A:MINER#13758@802] @bc t=1 used=4504 max=7406 near=0 over=0
[A:LANDSCAPER#11696@805] @bc t=6 used=1534 max=7030 near=0 over=0
[B:LANDSCAPER#11251@805] @bc t=6 used=1981 max=6857 near=0 over=0
[B:HQ#1@807] @build t=1 at=[34, 3] soup=524
[B:MINER#11946@808] @miner builder=false
[B:MINER#11946@808] @explore to=[30, 4] unseen=-1
[B:LANDSCAPER#10664@812] @bc t=6 used=1732 max=7295 near=0 over=0
[A:MINER#12547@813] @bc t=1 used=4164 max=5620 near=0 over=0
[B:MINER#11946@817] @offring
[A:HQ#0@818] @build t=1 at=[5, 37] soup=514
[A:MINER#11086@818] @bc t=1 used=2401 max=5315 near=0 over=0
[A:MINER#10836@819] @miner builder=false
[A:MINER#10836@819] @explore to=[18, 29] unseen=-1
[B:MINER#12983@823] @bc t=1 used=2889 max=6371 near=0 over=0
[A:LANDSCAPER#13539@824] @bc t=6 used=773 max=7164 near=0 over=0
[B:MINER#12467@824] @deposit n=70
[B:MINER#11946@826] @explore to=[48, -19] unseen=-1
[B:MINER#11871@827] @bc t=1 used=2926 max=6030 near=0 over=0
[A:MINER#10836@828] @offring
[A:MINER#11044@838] @bc t=1 used=2332 max=5368 near=0 over=0
[A:MINER#12659@842] @bc t=1 used=4111 max=6882 near=0 over=0
[B:MINER#10880@843] @bc t=1 used=3609 max=6150 near=0 over=0
[A:LANDSCAPER#11096@844] @bc t=6 used=1727 max=7330 near=0 over=0
[A:MINER#10447@847] @bc t=1 used=4715 max=5383 near=0 over=0
[B:MINER#12016@847] @bc t=1 used=3843 max=5281 near=0 over=0
[B:REFINERY#12515@849] @bc t=2 used=16 max=3948 near=0 over=0
[B:MINER#10474@851] @bc t=1 used=2769 max=5301 near=0 over=0
[A:MINER#11265@858] @bc t=1 used=2771 max=5370 near=0 over=0
[B:MINER#12983@862] @sight enemyHQ=[4, 37]
[B:LANDSCAPER#13550@862] @bc t=6 used=888 max=7082 near=0 over=0
[B:MINER#12467@862] @bc t=1 used=859 max=5183 near=0 over=0
[B:HQ#1@867] @build t=1 at=[34, 3] soup=581
[B:MINER#12912@868] @miner builder=false
[B:MINER#12912@868] @explore to=[53, 14] unseen=-1
[A:REFINERY#11005@872] @bc t=2 used=16 max=3946 near=0 over=0
[B:LANDSCAPER#12316@872] @bc t=6 used=2219 max=6403 near=0 over=0
[B:MINER#12912@877] @offring
[A:HQ#0@878] @build t=1 at=[5, 36] soup=502
[A:MINER#13569@878] @bc t=1 used=2914 max=5327 near=0 over=0
[A:MINER#13689@879] @miner builder=false
[A:MINER#13689@879] @explore to=[10, 23] unseen=-1
[B:MINER#10802@887] @bc t=1 used=2970 max=5212 near=0 over=0
[A:MINER#13689@888] @offring slide
[A:MINER#13689@889] @offring
[A:MINER#12786@898] @bc t=1 used=5055 max=5368 near=0 over=0
[A:HQ#0@900] @econ soup=524 built=16 minersSeen=8 ring=3 buried=0 sym=7
[A:HQ#0@900] @bc t=0 used=1346 max=5246 near=0 over=0
[B:HQ#1@900] @econ soup=604 built=12 minersSeen=7 ring=4 buried=0 sym=1
[B:HQ#1@900] @bc t=0 used=1349 max=5243 near=0 over=0
[B:MINER#11243@900] @minerstat builder=true mined=29 deposits=20 explores=1 soupMem=12 unreachable=0
[A:MINER#13758@900] @minerstat builder=false mined=33 deposits=24 explores=1 soupMem=11 unreachable=0
[A:MINER#12547@900] @minerstat builder=false mined=32 deposits=14 explores=1 soupMem=9 unreachable=0
[B:MINER#12983@900] @minerstat builder=false mined=152 deposits=19 explores=4 soupMem=12 unreachable=4
[A:MINER#12659@900] @minerstat builder=false mined=6 deposits=6 explores=1 soupMem=12 unreachable=0
[B:MINER#10880@900] @minerstat builder=false mined=0 deposits=0 explores=1 soupMem=4 unreachable=2
[A:LANDSCAPER#11696@900] @wallstat seat=[3, 37] attacker=false helper=false helperDeps=0 eq=149 borrow=0 digs=359 deps=359 hqDigs=0 bury=0 elev=214
[A:LANDSCAPER#13539@900] @wallstat seat=[3, 38] attacker=false helper=false helperDeps=0 eq=142 borrow=0 digs=350 deps=350 hqDigs=0 bury=0 elev=214
[A:LANDSCAPER#11096@900] @wallstat seat=[3, 36] attacker=false helper=false helperDeps=0 eq=136 borrow=0 digs=342 deps=341 hqDigs=0 bury=0 elev=214
[B:LANDSCAPER#12316@900] @wallstat seat=[35, 1] attacker=false helper=false helperDeps=0 eq=196 borrow=0 digs=197 deps=196 hqDigs=0 bury=0 elev=172
[B:LANDSCAPER#11251@900] @wallstat seat=[36, 1] attacker=false helper=false helperDeps=0 eq=139 borrow=0 digs=311 deps=311 hqDigs=0 bury=0 elev=174
[B:LANDSCAPER#13550@900] @wallstat seat=[36, 2] attacker=false helper=false helperDeps=0 eq=128 borrow=0 digs=285 deps=284 hqDigs=0 bury=0 elev=175
[B:LANDSCAPER#10664@900] @wallstat seat=[36, 3] attacker=false helper=false helperDeps=0 eq=101 borrow=0 digs=259 deps=259 hqDigs=0 bury=0 elev=175
[A:MINER#10447@900] @minerstat builder=false mined=0 deposits=0 explores=1 soupMem=4 unreachable=0
[A:MINER#11086@900] @minerstat builder=false mined=49 deposits=4 explores=1 soupMem=8 unreachable=1
[B:MINER#10474@900] @minerstat builder=false mined=12 deposits=1 explores=2 soupMem=4 unreachable=2
[B:MINER#12467@900] @minerstat builder=false mined=42 deposits=3 explores=1 soupMem=11 unreachable=3
[A:MINER#13569@900] @minerstat builder=false mined=15 deposits=1 explores=2 soupMem=8 unreachable=1
[B:MINER#11871@900] @minerstat builder=false mined=0 deposits=0 explores=1 soupMem=8 unreachable=1
[A:MINER#11044@900] @minerstat builder=false mined=11 deposits=2 explores=2 soupMem=4 unreachable=1
[B:MINER#10802@900] @minerstat builder=false mined=0 deposits=0 explores=1 soupMem=12 unreachable=0
[A:MINER#12786@900] @minerstat builder=false mined=0 deposits=0 explores=1 soupMem=10 unreachable=0
[B:MINER#12016@900] @minerstat builder=false mined=0 deposits=0 explores=1 soupMem=11 unreachable=0
[A:MINER#11265@900] @minerstat builder=false mined=0 deposits=0 explores=1 soupMem=10 unreachable=0
[B:MINER#11946@900] @minerstat builder=false mined=0 deposits=0 explores=2 soupMem=12 unreachable=0
[A:MINER#10836@900] @minerstat builder=false mined=0 deposits=0 explores=1 soupMem=10 unreachable=0
[B:MINER#12912@900] @minerstat builder=false mined=0 deposits=0 explores=1 soupMem=7 unreachable=0
[A:MINER#13689@900] @minerstat builder=false mined=0 deposits=0 explores=1 soupMem=9 unreachable=0
[B:MINER#11243@901] @bc t=1 used=4163 max=6753 near=0 over=0
[A:MINER#13758@902] @bc t=1 used=6081 max=7406 near=0 over=0
[A:LANDSCAPER#11696@905] @bc t=6 used=1526 max=7030 near=0 over=0
[B:LANDSCAPER#11251@905] @bc t=6 used=1899 max=6857 near=0 over=0
[B:MINER#11946@907] @bc t=1 used=2891 max=5276 near=0 over=0
[B:LANDSCAPER#10664@912] @bc t=6 used=1597 max=7295 near=0 over=0
[A:MINER#12547@913] @bc t=1 used=4139 max=5620 near=0 over=0
[A:MINER#11086@918] @bc t=1 used=4693 max=5315 near=0 over=0
[A:MINER#10836@918] @bc t=1 used=3314 max=5438 near=0 over=0
[B:MINER#12983@923] @bc t=1 used=2291 max=6371 near=0 over=0
[A:LANDSCAPER#13539@924] @bc t=6 used=1645 max=7164 near=0 over=0
[B:MINER#12467@924] @deposit n=75
[B:HQ#1@927] @build t=1 at=[34, 3] soup=600
[B:MINER#11871@927] @bc t=1 used=3194 max=6030 near=0 over=0
[B:MINER#10517@928] @miner builder=false
[B:MINER#10517@928] @explore to=[20, -12] unseen=-1
[B:MINER#10517@937] @offring
[A:MINER#11044@938] @bc t=1 used=2747 max=5368 near=0 over=0
[A:MINER#12659@942] @bc t=1 used=4230 max=6882 near=0 over=0
[B:MINER#10880@943] @bc t=1 used=3513 max=6150 near=0 over=0
[A:LANDSCAPER#11096@944] @bc t=6 used=1608 max=7330 near=0 over=0
[A:MINER#10447@947] @bc t=1 used=3819 max=5383 near=0 over=0
[B:MINER#12016@947] @bc t=1 used=3872 max=5281 near=0 over=0
[B:REFINERY#12515@949] @bc t=2 used=16 max=3948 near=0 over=0
[B:MINER#10474@951] @bc t=1 used=3061 max=5301 near=0 over=0
[A:MINER#11265@958] @bc t=1 used=3796 max=5370 near=0 over=0
[B:LANDSCAPER#13550@962] @bc t=6 used=1545 max=7082 near=0 over=0
[B:MINER#12467@962] @bc t=1 used=1545 max=5183 near=0 over=0
[B:MINER#12912@967] @bc t=1 used=2815 max=5323 near=0 over=0
[A:REFINERY#11005@972] @bc t=2 used=16 max=3946 near=0 over=0
[B:LANDSCAPER#12316@972] @bc t=6 used=2215 max=6403 near=0 over=0
[A:MINER#13569@978] @bc t=1 used=3540 max=5327 near=0 over=0
[A:MINER#13689@978] @bc t=1 used=3617 max=5829 near=0 over=0
[B:HQ#1@987] @build t=1 at=[34, 3] soup=618
[B:MINER#10802@987] @bc t=1 used=3893 max=5212 near=0 over=0
[B:MINER#13692@988] @miner builder=false
[B:MINER#13692@988] @explore to=[17, -11] unseen=-1
[A:MINER#12786@998] @bc t=1 used=3947 max=5870 near=0 over=0
[A:HQ#0@1000] @econ soup=622 built=16 minersSeen=7 ring=3 buried=0 sym=7
[A:HQ#0@1000] @bc t=0 used=1294 max=5246 near=0 over=0
[B:HQ#1@1000] @econ soup=631 built=14 minersSeen=8 ring=4 buried=0 sym=1
[B:HQ#1@1000] @bc t=0 used=1401 max=5243 near=0 over=0
[A:MINER#13758@1000] @minerstat builder=false mined=33 deposits=24 explores=1 soupMem=11 unreachable=0
[B:MINER#12983@1000] @minerstat builder=false mined=152 deposits=19 explores=4 soupMem=12 unreachable=4
[A:MINER#12659@1000] @minerstat builder=false mined=6 deposits=6 explores=1 soupMem=12 unreachable=0
[B:MINER#10880@1000] @minerstat builder=false mined=0 deposits=0 explores=1 soupMem=4 unreachable=2
[A:LANDSCAPER#11696@1000] @wallstat seat=[3, 37] attacker=false helper=false helperDeps=0 eq=167 borrow=0 digs=404 deps=404 hqDigs=0 bury=0 elev=241
[A:LANDSCAPER#13539@1000] @wallstat seat=[3, 38] attacker=false helper=false helperDeps=0 eq=160 borrow=0 digs=396 deps=395 hqDigs=0 bury=0 elev=241
[A:LANDSCAPER#11096@1000] @wallstat seat=[3, 36] attacker=false helper=false helperDeps=0 eq=155 borrow=0 digs=387 deps=387 hqDigs=0 bury=0 elev=241
[B:LANDSCAPER#12316@1000] @wallstat seat=[35, 1] attacker=false helper=false helperDeps=0 eq=241 borrow=0 digs=241 deps=241 hqDigs=0 bury=0 elev=199
[B:LANDSCAPER#11251@1000] @wallstat seat=[36, 1] attacker=false helper=false helperDeps=0 eq=157 borrow=0 digs=356 deps=356 hqDigs=0 bury=0 elev=201
[B:LANDSCAPER#13550@1000] @wallstat seat=[36, 2] attacker=false helper=false helperDeps=0 eq=147 borrow=0 digs=330 deps=329 hqDigs=0 bury=0 elev=201
[B:LANDSCAPER#10664@1000] @wallstat seat=[36, 3] attacker=false helper=false helperDeps=0 eq=118 borrow=0 digs=304 deps=303 hqDigs=0 bury=0 elev=202
[A:MINER#10447@1000] @minerstat builder=false mined=0 deposits=0 explores=1 soupMem=4 unreachable=0
[A:MINER#11086@1000] @minerstat builder=false mined=49 deposits=4 explores=1 soupMem=8 unreachable=1
[B:MINER#10474@1000] @minerstat builder=false mined=12 deposits=1 explores=2 soupMem=4 unreachable=2
[B:MINER#12467@1000] @minerstat builder=false mined=42 deposits=4 explores=1 soupMem=11 unreachable=3
[A:MINER#13569@1000] @minerstat builder=false mined=15 deposits=1 explores=2 soupMem=8 unreachable=1
[B:MINER#11871@1000] @minerstat builder=false mined=0 deposits=0 explores=1 soupMem=8 unreachable=1
[A:MINER#11044@1000] @minerstat builder=false mined=11 deposits=2 explores=2 soupMem=4 unreachable=1
[B:MINER#10802@1000] @minerstat builder=false mined=0 deposits=0 explores=1 soupMem=12 unreachable=0
[A:MINER#12786@1000] @minerstat builder=false mined=0 deposits=0 explores=1 soupMem=10 unreachable=0
[B:MINER#12016@1000] @minerstat builder=false mined=0 deposits=0 explores=1 soupMem=11 unreachable=0
[A:MINER#11265@1000] @minerstat builder=false mined=0 deposits=0 explores=1 soupMem=10 unreachable=0
[B:MINER#11946@1000] @minerstat builder=false mined=0 deposits=0 explores=2 soupMem=12 unreachable=0
[A:MINER#10836@1000] @minerstat builder=false mined=0 deposits=0 explores=1 soupMem=10 unreachable=0
[B:MINER#12912@1000] @minerstat builder=false mined=0 deposits=0 explores=1 soupMem=11 unreachable=0
[A:MINER#13689@1000] @minerstat builder=false mined=0 deposits=0 explores=1 soupMem=11 unreachable=0
[B:MINER#10517@1000] @minerstat builder=false mined=0 deposits=0 explores=1 soupMem=12 unreachable=0
[B:MINER#13692@1000] @minerstat builder=false mined=0 deposits=0 explores=1 soupMem=11 unreachable=0
[A:MINER#13758@1002] @bc t=1 used=4717 max=7406 near=0 over=0
[A:LANDSCAPER#11696@1005] @bc t=6 used=1866 max=7030 near=0 over=0
[B:LANDSCAPER#11251@1005] @bc t=6 used=733 max=6857 near=0 over=0
[B:MINER#11946@1007] @bc t=1 used=3054 max=5276 near=0 over=0
[B:LANDSCAPER#10664@1012] @bc t=6 used=1719 max=7295 near=0 over=0
[A:MINER#11086@1018] @bc t=1 used=2364 max=5315 near=0 over=0
[A:MINER#10836@1018] @bc t=1 used=4359 max=5438 near=0 over=0
[B:MINER#12983@1023] @bc t=1 used=1840 max=6371 near=0 over=0
[A:LANDSCAPER#13539@1024] @bc t=6 used=1734 max=7164 near=0 over=0
[B:MINER#11871@1027] @bc t=1 used=5543 max=6030 near=0 over=0
[B:MINER#10517@1027] @bc t=1 used=3162 max=5415 near=0 over=0
[A:MINER#11044@1038] @bc t=1 used=1806 max=5368 near=0 over=0
[A:MINER#12659@1042] @bc t=1 used=4111 max=6882 near=0 over=0
[B:MINER#10880@1043] @bc t=1 used=3513 max=6150 near=0 over=0
[A:LANDSCAPER#11096@1044] @bc t=6 used=1645 max=7330 near=0 over=0
[A:MINER#10447@1047] @bc t=1 used=4952 max=5383 near=0 over=0
[B:MINER#12016@1047] @bc t=1 used=3947 max=6180 near=0 over=0
[B:REFINERY#12515@1049] @bc t=2 used=16 max=3948 near=0 over=0
[B:MINER#10474@1051] @bc t=1 used=2550 max=5301 near=0 over=0
[A:MINER#11265@1058] @bc t=1 used=3846 max=5723 near=0 over=0
[B:LANDSCAPER#13550@1062] @bc t=6 used=772 max=7082 near=0 over=0
[B:MINER#12467@1062] @bc t=1 used=907 max=5183 near=0 over=0
[B:MINER#12912@1067] @bc t=1 used=2892 max=5617 near=0 over=0
[A:REFINERY#11005@1072] @bc t=2 used=16 max=3946 near=0 over=0
[B:LANDSCAPER#12316@1072] @bc t=6 used=2304 max=6403 near=0 over=0
[A:MINER#13569@1078] @bc t=1 used=1544 max=5327 near=0 over=0
[A:MINER#13689@1078] @bc t=1 used=2964 max=5829 near=0 over=0
[B:MINER#10802@1087] @bc t=1 used=3774 max=5212 near=0 over=0
[B:MINER#13692@1087] @bc t=1 used=4553 max=7576 near=0 over=0
[A:MINER#12786@1098] @bc t=1 used=5127 max=5870 near=0 over=0
[A:HQ#0@1100] @econ soup=720 built=16 minersSeen=7 ring=3 buried=0 sym=7
[A:HQ#0@1100] @bc t=0 used=1294 max=5246 near=0 over=0
[B:HQ#1@1100] @econ soup=728 built=14 minersSeen=9 ring=4 buried=0 sym=1
[B:HQ#1@1100] @bc t=0 used=1673 max=5243 near=0 over=0
[A:MINER#13758@1100] @minerstat builder=false mined=33 deposits=24 explores=1 soupMem=11 unreachable=0
[B:MINER#12983@1100] @minerstat builder=false mined=152 deposits=19 explores=4 soupMem=12 unreachable=4
[A:MINER#12659@1100] @minerstat builder=false mined=6 deposits=6 explores=1 soupMem=12 unreachable=0
[B:MINER#10880@1100] @minerstat builder=false mined=0 deposits=0 explores=1 soupMem=4 unreachable=2
[A:LANDSCAPER#11696@1100] @wallstat seat=[3, 37] attacker=false helper=false helperDeps=0 eq=185 borrow=0 digs=449 deps=449 hqDigs=0 bury=0 elev=268
[A:LANDSCAPER#13539@1100] @wallstat seat=[3, 38] attacker=false helper=false helperDeps=0 eq=178 borrow=0 digs=441 deps=440 hqDigs=0 bury=0 elev=268
[A:LANDSCAPER#11096@1100] @wallstat seat=[3, 36] attacker=false helper=false helperDeps=0 eq=173 borrow=0 digs=432 deps=432 hqDigs=0 bury=0 elev=268
[B:LANDSCAPER#12316@1100] @wallstat seat=[35, 1] attacker=false helper=false helperDeps=0 eq=286 borrow=0 digs=286 deps=286 hqDigs=0 bury=0 elev=226
[B:LANDSCAPER#11251@1100] @wallstat seat=[36, 1] attacker=false helper=false helperDeps=0 eq=174 borrow=0 digs=401 deps=401 hqDigs=0 bury=0 elev=229
[B:LANDSCAPER#13550@1100] @wallstat seat=[36, 2] attacker=false helper=false helperDeps=0 eq=165 borrow=0 digs=375 deps=374 hqDigs=0 bury=0 elev=228
[B:LANDSCAPER#10664@1100] @wallstat seat=[36, 3] attacker=false helper=false helperDeps=0 eq=137 borrow=0 digs=349 deps=349 hqDigs=0 bury=0 elev=229
[A:MINER#10447@1100] @minerstat builder=false mined=0 deposits=0 explores=1 soupMem=4 unreachable=0
[A:MINER#11086@1100] @minerstat builder=false mined=49 deposits=4 explores=1 soupMem=8 unreachable=1
[B:MINER#10474@1100] @minerstat builder=false mined=12 deposits=1 explores=2 soupMem=4 unreachable=2
[B:MINER#12467@1100] @minerstat builder=false mined=52 deposits=4 explores=1 soupMem=12 unreachable=3
[A:MINER#13569@1100] @minerstat builder=false mined=15 deposits=1 explores=2 soupMem=8 unreachable=1
[B:MINER#11871@1100] @minerstat builder=false mined=0 deposits=0 explores=1 soupMem=8 unreachable=1
[A:MINER#11044@1100] @minerstat builder=false mined=11 deposits=2 explores=2 soupMem=4 unreachable=1
[B:MINER#10802@1100] @minerstat builder=false mined=0 deposits=0 explores=1 soupMem=12 unreachable=0
[A:MINER#12786@1100] @minerstat builder=false mined=0 deposits=0 explores=1 soupMem=10 unreachable=0
[B:MINER#12016@1100] @minerstat builder=false mined=0 deposits=0 explores=1 soupMem=11 unreachable=0
[A:MINER#11265@1100] @minerstat builder=false mined=0 deposits=0 explores=1 soupMem=10 unreachable=0
[B:MINER#11946@1100] @minerstat builder=false mined=0 deposits=0 explores=2 soupMem=12 unreachable=0
[A:MINER#10836@1100] @minerstat builder=false mined=0 deposits=0 explores=1 soupMem=10 unreachable=0
[B:MINER#12912@1100] @minerstat builder=false mined=0 deposits=0 explores=1 soupMem=11 unreachable=0
[A:MINER#13689@1100] @minerstat builder=false mined=0 deposits=0 explores=1 soupMem=12 unreachable=0
[B:MINER#10517@1100] @minerstat builder=false mined=0 deposits=0 explores=1 soupMem=12 unreachable=0
[B:MINER#13692@1100] @minerstat builder=false mined=0 deposits=0 explores=1 soupMem=11 unreachable=0
[A:MINER#13758@1102] @bc t=1 used=5987 max=7406 near=0 over=0
[A:LANDSCAPER#11696@1105] @bc t=6 used=1995 max=7030 near=0 over=0
[B:LANDSCAPER#11251@1105] @bc t=6 used=2021 max=6857 near=0 over=0
[B:MINER#11946@1107] @bc t=1 used=2741 max=5484 near=0 over=0
[B:LANDSCAPER#10664@1112] @bc t=6 used=1637 max=7295 near=0 over=0
[A:MINER#11086@1118] @bc t=1 used=3578 max=5315 near=0 over=0
[A:MINER#10836@1118] @bc t=1 used=4362 max=6011 near=0 over=0
[B:MINER#12983@1123] @bc t=1 used=1415 max=6371 near=0 over=0
[A:LANDSCAPER#13539@1124] @bc t=6 used=1615 max=7164 near=0 over=0
[B:MINER#11871@1127] @bc t=1 used=5609 max=6030 near=0 over=0
[B:MINER#10517@1127] @bc t=1 used=1472 max=5415 near=0 over=0
[A:MINER#11044@1138] @bc t=1 used=2084 max=5368 near=0 over=0
[A:MINER#12659@1142] @bc t=1 used=4111 max=6882 near=0 over=0
[B:MINER#10880@1143] @bc t=1 used=3679 max=6150 near=0 over=0
[A:LANDSCAPER#11096@1144] @bc t=6 used=1746 max=7330 near=0 over=0
[A:MINER#10447@1147] @bc t=1 used=3772 max=5383 near=0 over=0
[B:MINER#12016@1147] @bc t=1 used=3828 max=6454 near=0 over=0
[B:REFINERY#12515@1149] @bc t=2 used=16 max=3948 near=0 over=0
[B:MINER#10474@1151] @bc t=1 used=2337 max=5301 near=0 over=0
[A:MINER#11265@1158] @bc t=1 used=4012 max=5723 near=0 over=0
[B:LANDSCAPER#13550@1162] @bc t=6 used=2202 max=7082 near=0 over=0
[B:MINER#12467@1162] @bc t=1 used=1344 max=5183 near=0 over=0
[B:MINER#12912@1167] @bc t=1 used=2446 max=5617 near=0 over=0
[A:REFINERY#11005@1172] @bc t=2 used=16 max=3946 near=0 over=0
[B:LANDSCAPER#12316@1172] @bc t=6 used=2144 max=6403 near=0 over=0
[A:MINER#13569@1178] @bc t=1 used=1891 max=5327 near=0 over=0
[A:MINER#13689@1178] @bc t=1 used=2859 max=5829 near=0 over=0
[B:MINER#10802@1187] @bc t=1 used=3774 max=5212 near=0 over=0
[B:MINER#13692@1187] @bc t=1 used=4482 max=7576 near=0 over=0
[A:MINER#12786@1198] @bc t=1 used=3947 max=5870 near=0 over=0
[A:HQ#0@1200] @econ soup=818 built=16 minersSeen=7 ring=3 buried=0 sym=7
[A:HQ#0@1200] @bc t=0 used=1294 max=5246 near=0 over=0
[B:HQ#1@1200] @econ soup=824 built=14 minersSeen=8 ring=4 buried=0 sym=1
[B:HQ#1@1200] @bc t=0 used=1621 max=5243 near=0 over=0
[A:MINER#13758@1200] @minerstat builder=false mined=33 deposits=24 explores=1 soupMem=11 unreachable=0
[B:MINER#12983@1200] @minerstat builder=false mined=152 deposits=19 explores=4 soupMem=12 unreachable=4
[A:MINER#12659@1200] @minerstat builder=false mined=6 deposits=6 explores=1 soupMem=12 unreachable=0
[B:MINER#10880@1200] @minerstat builder=false mined=0 deposits=0 explores=1 soupMem=4 unreachable=2
[A:LANDSCAPER#11696@1200] @wallstat seat=[3, 37] attacker=false helper=false helperDeps=0 eq=203 borrow=0 digs=495 deps=494 hqDigs=0 bury=0 elev=295
[A:LANDSCAPER#13539@1200] @wallstat seat=[3, 38] attacker=false helper=false helperDeps=0 eq=196 borrow=0 digs=486 deps=485 hqDigs=0 bury=0 elev=295
[A:LANDSCAPER#11096@1200] @wallstat seat=[3, 36] attacker=false helper=false helperDeps=0 eq=191 borrow=0 digs=477 deps=477 hqDigs=0 bury=0 elev=295
[B:LANDSCAPER#12316@1200] @wallstat seat=[35, 1] attacker=false helper=false helperDeps=0 eq=331 borrow=0 digs=332 deps=331 hqDigs=0 bury=0 elev=253
[B:LANDSCAPER#11251@1200] @wallstat seat=[36, 1] attacker=false helper=false helperDeps=0 eq=193 borrow=0 digs=447 deps=446 hqDigs=0 bury=0 elev=255
[B:LANDSCAPER#13550@1200] @wallstat seat=[36, 2] attacker=false helper=false helperDeps=0 eq=182 borrow=0 digs=420 deps=419 hqDigs=0 bury=0 elev=256
[B:LANDSCAPER#10664@1200] @wallstat seat=[36, 3] attacker=false helper=false helperDeps=0 eq=155 borrow=0 digs=394 deps=394 hqDigs=0 bury=0 elev=256
[A:MINER#10447@1200] @minerstat builder=false mined=0 deposits=0 explores=1 soupMem=4 unreachable=0
[A:MINER#11086@1200] @minerstat builder=false mined=49 deposits=4 explores=1 soupMem=8 unreachable=1
[B:MINER#10474@1200] @minerstat builder=false mined=12 deposits=1 explores=2 soupMem=4 unreachable=2
[B:MINER#12467@1200] @minerstat builder=false mined=52 deposits=4 explores=1 soupMem=12 unreachable=3
[A:MINER#13569@1200] @minerstat builder=false mined=15 deposits=1 explores=2 soupMem=8 unreachable=1
[B:MINER#11871@1200] @minerstat builder=false mined=0 deposits=0 explores=1 soupMem=8 unreachable=1
[A:MINER#11044@1200] @minerstat builder=false mined=11 deposits=2 explores=2 soupMem=4 unreachable=1
[B:MINER#10802@1200] @minerstat builder=false mined=0 deposits=0 explores=1 soupMem=12 unreachable=0
[A:MINER#12786@1200] @minerstat builder=false mined=0 deposits=0 explores=1 soupMem=10 unreachable=0
[B:MINER#12016@1200] @minerstat builder=false mined=0 deposits=0 explores=1 soupMem=11 unreachable=0
[A:MINER#11265@1200] @minerstat builder=false mined=0 deposits=0 explores=1 soupMem=10 unreachable=0
[B:MINER#11946@1200] @minerstat builder=false mined=0 deposits=0 explores=2 soupMem=12 unreachable=0
[A:MINER#10836@1200] @minerstat builder=false mined=0 deposits=0 explores=1 soupMem=10 unreachable=0
[B:MINER#12912@1200] @minerstat builder=false mined=0 deposits=0 explores=1 soupMem=11 unreachable=0
[A:MINER#13689@1200] @minerstat builder=false mined=0 deposits=0 explores=1 soupMem=12 unreachable=0
[B:MINER#10517@1200] @minerstat builder=false mined=0 deposits=0 explores=1 soupMem=12 unreachable=0
[B:MINER#13692@1200] @minerstat builder=false mined=0 deposits=0 explores=1 soupMem=11 unreachable=0
[A:MINER#13758@1202] @bc t=1 used=4551 max=7406 near=0 over=0
[A:LANDSCAPER#11696@1205] @bc t=6 used=1866 max=7030 near=0 over=0
[B:LANDSCAPER#11251@1205] @bc t=6 used=1902 max=6857 near=0 over=0
[B:MINER#11946@1207] @bc t=1 used=3108 max=5484 near=0 over=0
[B:LANDSCAPER#10664@1212] @bc t=6 used=736 max=7295 near=0 over=0
[A:MINER#11086@1218] @bc t=1 used=3055 max=5315 near=0 over=0
[A:MINER#10836@1218] @bc t=1 used=4481 max=6011 near=0 over=0
[B:MINER#12983@1223] @bc t=1 used=612 max=6371 near=0 over=0
[A:LANDSCAPER#13539@1224] @bc t=6 used=1513 max=7164 near=0 over=0
[B:MINER#11871@1227] @bc t=1 used=5662 max=6030 near=0 over=0
[B:MINER#10517@1227] @bc t=1 used=3159 max=5415 near=0 over=0
[A:MINER#11044@1238] @bc t=1 used=3126 max=5368 near=0 over=0
[A:MINER#12659@1242] @bc t=1 used=4230 max=6882 near=0 over=0
[B:MINER#10880@1243] @bc t=1 used=3560 max=6150 near=0 over=0
[A:LANDSCAPER#11096@1244] @bc t=6 used=1627 max=7330 near=0 over=0
[A:MINER#10447@1247] @bc t=1 used=4880 max=5383 near=0 over=0
[B:MINER#12016@1247] @bc t=1 used=3828 max=6454 near=0 over=0
[B:REFINERY#12515@1249] @bc t=2 used=16 max=3948 near=0 over=0
[B:MINER#10474@1251] @bc t=1 used=1469 max=5301 near=0 over=0
[A:MINER#11265@1258] @bc t=1 used=3846 max=5723 near=0 over=0
[B:LANDSCAPER#13550@1262] @bc t=6 used=2083 max=7082 near=0 over=0
[B:MINER#12467@1262] @bc t=1 used=1414 max=5183 near=0 over=0
[B:MINER#12912@1267] @bc t=1 used=1847 max=5617 near=0 over=0
[A:REFINERY#11005@1272] @bc t=2 used=16 max=3946 near=0 over=0
[B:LANDSCAPER#12316@1272] @bc t=6 used=1512 max=6403 near=0 over=0
[A:MINER#13569@1278] @bc t=1 used=1760 max=5327 near=0 over=0
[A:MINER#13689@1278] @bc t=1 used=1523 max=5829 near=0 over=0
[B:MINER#10802@1287] @bc t=1 used=3893 max=5212 near=0 over=0
[B:MINER#13692@1287] @bc t=1 used=4601 max=7576 near=0 over=0
[A:MINER#12786@1298] @bc t=1 used=5102 max=5870 near=0 over=0
[A:HQ#0@1300] @econ soup=916 built=16 minersSeen=7 ring=3 buried=0 sym=7
[A:HQ#0@1300] @bc t=0 used=1294 max=5246 near=0 over=0
[B:HQ#1@1300] @econ soup=921 built=14 minersSeen=8 ring=4 buried=0 sym=1
[B:HQ#1@1300] @bc t=0 used=1621 max=5243 near=0 over=0
[A:MINER#13758@1300] @minerstat builder=false mined=33 deposits=24 explores=1 soupMem=11 unreachable=0
[B:MINER#12983@1300] @minerstat builder=false mined=152 deposits=19 explores=4 soupMem=12 unreachable=4
[A:MINER#12659@1300] @minerstat builder=false mined=6 deposits=6 explores=1 soupMem=12 unreachable=0
[B:MINER#10880@1300] @minerstat builder=false mined=0 deposits=0 explores=1 soupMem=4 unreachable=2
[A:LANDSCAPER#11696@1300] @wallstat seat=[3, 37] attacker=false helper=false helperDeps=0 eq=221 borrow=0 digs=540 deps=539 hqDigs=0 bury=0 elev=322
[A:LANDSCAPER#13539@1300] @wallstat seat=[3, 38] attacker=false helper=false helperDeps=0 eq=214 borrow=0 digs=531 deps=530 hqDigs=0 bury=0 elev=322
[A:LANDSCAPER#11096@1300] @wallstat seat=[3, 36] attacker=false helper=false helperDeps=0 eq=209 borrow=0 digs=523 deps=522 hqDigs=0 bury=0 elev=322
[B:LANDSCAPER#12316@1300] @wallstat seat=[35, 1] attacker=false helper=false helperDeps=0 eq=376 borrow=0 digs=377 deps=376 hqDigs=0 bury=0 elev=280
[B:LANDSCAPER#11251@1300] @wallstat seat=[36, 1] attacker=false helper=false helperDeps=0 eq=211 borrow=0 digs=492 deps=491 hqDigs=0 bury=0 elev=282
[B:LANDSCAPER#13550@1300] @wallstat seat=[36, 2] attacker=false helper=false helperDeps=0 eq=200 borrow=0 digs=465 deps=464 hqDigs=0 bury=0 elev=283
[B:LANDSCAPER#10664@1300] @wallstat seat=[36, 3] attacker=false helper=false helperDeps=0 eq=173 borrow=0 digs=439 deps=439 hqDigs=0 bury=0 elev=283
[A:MINER#10447@1300] @minerstat builder=false mined=0 deposits=0 explores=1 soupMem=4 unreachable=0
[A:MINER#11086@1300] @minerstat builder=false mined=49 deposits=4 explores=1 soupMem=8 unreachable=1
[B:MINER#10474@1300] @minerstat builder=false mined=12 deposits=1 explores=2 soupMem=4 unreachable=2
[B:MINER#12467@1300] @minerstat builder=false mined=52 deposits=4 explores=1 soupMem=12 unreachable=3
[A:MINER#13569@1300] @minerstat builder=false mined=15 deposits=1 explores=2 soupMem=8 unreachable=1
[B:MINER#11871@1300] @minerstat builder=false mined=0 deposits=0 explores=1 soupMem=8 unreachable=1
[A:MINER#11044@1300] @minerstat builder=false mined=11 deposits=2 explores=2 soupMem=4 unreachable=1
[B:MINER#10802@1300] @minerstat builder=false mined=0 deposits=0 explores=1 soupMem=12 unreachable=0
[A:MINER#12786@1300] @minerstat builder=false mined=0 deposits=0 explores=1 soupMem=10 unreachable=0
[B:MINER#12016@1300] @minerstat builder=false mined=0 deposits=0 explores=1 soupMem=11 unreachable=0
[A:MINER#11265@1300] @minerstat builder=false mined=0 deposits=0 explores=1 soupMem=10 unreachable=0
[B:MINER#11946@1300] @minerstat builder=false mined=0 deposits=0 explores=2 soupMem=12 unreachable=0
[A:MINER#10836@1300] @minerstat builder=false mined=0 deposits=0 explores=1 soupMem=10 unreachable=0
[B:MINER#12912@1300] @minerstat builder=false mined=0 deposits=0 explores=1 soupMem=11 unreachable=0
[A:MINER#13689@1300] @minerstat builder=false mined=0 deposits=0 explores=1 soupMem=12 unreachable=0
[B:MINER#10517@1300] @minerstat builder=false mined=0 deposits=0 explores=1 soupMem=12 unreachable=0
[B:MINER#13692@1300] @minerstat builder=false mined=0 deposits=0 explores=1 soupMem=11 unreachable=0
[A:MINER#13758@1302] @bc t=1 used=6153 max=7406 near=0 over=0
[A:LANDSCAPER#11696@1305] @bc t=6 used=1903 max=7030 near=0 over=0
[B:LANDSCAPER#11251@1305] @bc t=6 used=1855 max=6857 near=0 over=0
[B:MINER#11946@1307] @bc t=1 used=3046 max=5484 near=0 over=0
[B:LANDSCAPER#10664@1312] @bc t=6 used=1780 max=7295 near=0 over=0
[A:MINER#11086@1318] @bc t=1 used=4335 max=5315 near=0 over=0
[A:MINER#10836@1318] @bc t=1 used=4362 max=6011 near=0 over=0
[B:MINER#12983@1323] @bc t=1 used=1565 max=6371 near=0 over=0
[A:LANDSCAPER#13539@1324] @bc t=6 used=1679 max=7164 near=0 over=0
[B:MINER#11871@1327] @bc t=1 used=5562 max=6030 near=0 over=0
[B:MINER#10517@1327] @bc t=1 used=3884 max=5415 near=0 over=0
[A:MINER#11044@1338] @bc t=1 used=3077 max=5368 near=0 over=0
[A:MINER#12659@1342] @bc t=1 used=4064 max=6882 near=0 over=0
[B:MINER#10880@1343] @bc t=1 used=3560 max=6150 near=0 over=0
[A:LANDSCAPER#11096@1344] @bc t=6 used=1627 max=7330 near=0 over=0
[A:MINER#10447@1347] @bc t=1 used=3891 max=5383 near=0 over=0
[B:MINER#12016@1347] @bc t=1 used=3947 max=6454 near=0 over=0
[B:REFINERY#12515@1349] @bc t=2 used=16 max=3948 near=0 over=0
[B:MINER#10474@1351] @bc t=1 used=1519 max=5301 near=0 over=0
[A:MINER#11265@1358] @bc t=1 used=3846 max=5723 near=0 over=0
[B:LANDSCAPER#13550@1362] @bc t=6 used=2120 max=7082 near=0 over=0
[B:MINER#12467@1362] @bc t=1 used=1533 max=5183 near=0 over=0
[B:MINER#12912@1367] @bc t=1 used=3895 max=5617 near=0 over=0
[A:REFINERY#11005@1372] @bc t=2 used=16 max=3946 near=0 over=0
[B:LANDSCAPER#12316@1372] @bc t=6 used=1594 max=6403 near=0 over=0
[A:MINER#13569@1378] @bc t=1 used=2680 max=5327 near=0 over=0
[A:MINER#13689@1378] @bc t=1 used=1836 max=5829 near=0 over=0
[B:MINER#10802@1387] @bc t=1 used=3774 max=5212 near=0 over=0
[B:MINER#13692@1387] @bc t=1 used=4482 max=7576 near=0 over=0
[A:MINER#12786@1398] @bc t=1 used=4066 max=5870 near=0 over=0
[A:HQ#0@1400] @econ soup=1014 built=16 minersSeen=7 ring=3 buried=0 sym=7
[A:HQ#0@1400] @bc t=0 used=1294 max=5246 near=0 over=0
[B:HQ#1@1400] @econ soup=1018 built=14 minersSeen=8 ring=4 buried=0 sym=1
[B:HQ#1@1400] @bc t=0 used=1621 max=5243 near=0 over=0
[A:MINER#13758@1400] @minerstat builder=false mined=33 deposits=24 explores=1 soupMem=11 unreachable=0
[B:MINER#12983@1400] @minerstat builder=false mined=152 deposits=19 explores=4 soupMem=12 unreachable=4
[A:MINER#12659@1400] @minerstat builder=false mined=6 deposits=6 explores=1 soupMem=12 unreachable=0
[B:MINER#10880@1400] @minerstat builder=false mined=0 deposits=0 explores=1 soupMem=4 unreachable=2
[A:LANDSCAPER#11696@1400] @wallstat seat=[3, 37] attacker=false helper=false helperDeps=0 eq=239 borrow=0 digs=585 deps=584 hqDigs=0 bury=0 elev=349
[A:LANDSCAPER#13539@1400] @wallstat seat=[3, 38] attacker=false helper=false helperDeps=0 eq=233 borrow=0 digs=576 deps=576 hqDigs=0 bury=0 elev=349
[A:LANDSCAPER#11096@1400] @wallstat seat=[3, 36] attacker=false helper=false helperDeps=0 eq=227 borrow=0 digs=568 deps=567 hqDigs=0 bury=0 elev=349
[B:LANDSCAPER#12316@1400] @wallstat seat=[35, 1] attacker=false helper=false helperDeps=0 eq=421 borrow=0 digs=422 deps=421 hqDigs=0 bury=0 elev=307
[B:LANDSCAPER#11251@1400] @wallstat seat=[36, 1] attacker=false helper=false helperDeps=0 eq=228 borrow=0 digs=537 deps=536 hqDigs=0 bury=0 elev=310
[B:LANDSCAPER#13550@1400] @wallstat seat=[36, 2] attacker=false helper=false helperDeps=0 eq=219 borrow=0 digs=510 deps=510 hqDigs=0 bury=0 elev=310
[B:LANDSCAPER#10664@1400] @wallstat seat=[36, 3] attacker=false helper=false helperDeps=0 eq=191 borrow=0 digs=484 deps=484 hqDigs=0 bury=0 elev=310
[A:MINER#10447@1400] @minerstat builder=false mined=0 deposits=0 explores=1 soupMem=4 unreachable=0
[A:MINER#11086@1400] @minerstat builder=false mined=49 deposits=4 explores=1 soupMem=8 unreachable=1
[B:MINER#10474@1400] @minerstat builder=false mined=12 deposits=1 explores=2 soupMem=4 unreachable=2
[B:MINER#12467@1400] @minerstat builder=false mined=52 deposits=4 explores=1 soupMem=12 unreachable=3
[A:MINER#13569@1400] @minerstat builder=false mined=15 deposits=1 explores=2 soupMem=8 unreachable=1
[B:MINER#11871@1400] @minerstat builder=false mined=0 deposits=0 explores=1 soupMem=8 unreachable=1
[A:MINER#11044@1400] @minerstat builder=false mined=11 deposits=2 explores=2 soupMem=4 unreachable=1
[B:MINER#10802@1400] @minerstat builder=false mined=0 deposits=0 explores=1 soupMem=12 unreachable=0
[A:MINER#12786@1400] @minerstat builder=false mined=0 deposits=0 explores=1 soupMem=10 unreachable=0
[B:MINER#12016@1400] @minerstat builder=false mined=0 deposits=0 explores=1 soupMem=11 unreachable=0
[A:MINER#11265@1400] @minerstat builder=false mined=0 deposits=0 explores=1 soupMem=10 unreachable=0
[B:MINER#11946@1400] @minerstat builder=false mined=0 deposits=0 explores=2 soupMem=12 unreachable=0
[A:MINER#10836@1400] @minerstat builder=false mined=0 deposits=0 explores=1 soupMem=10 unreachable=0
[B:MINER#12912@1400] @minerstat builder=false mined=0 deposits=0 explores=1 soupMem=11 unreachable=0
[A:MINER#13689@1400] @minerstat builder=false mined=0 deposits=0 explores=1 soupMem=12 unreachable=0
[B:MINER#10517@1400] @minerstat builder=false mined=0 deposits=0 explores=1 soupMem=12 unreachable=0
[B:MINER#13692@1400] @minerstat builder=false mined=0 deposits=0 explores=1 soupMem=11 unreachable=0
[A:MINER#13758@1402] @bc t=1 used=4598 max=7406 near=0 over=0
[A:LANDSCAPER#11696@1405] @bc t=6 used=1608 max=7030 near=0 over=0
[B:LANDSCAPER#11251@1405] @bc t=6 used=926 max=6857 near=0 over=0
[B:MINER#11946@1407] @bc t=1 used=2142 max=5484 near=0 over=0
[B:LANDSCAPER#10664@1412] @bc t=6 used=1698 max=7295 near=0 over=0
[A:MINER#11086@1418] @bc t=1 used=2209 max=5315 near=0 over=0
[A:MINER#10836@1418] @bc t=1 used=4362 max=6011 near=0 over=0
[B:MINER#12983@1423] @bc t=1 used=974 max=6371 near=0 over=0
[A:LANDSCAPER#13539@1424] @bc t=6 used=1523 max=7164 near=0 over=0
[B:MINER#11871@1427] @bc t=1 used=5543 max=6030 near=0 over=0
[B:MINER#10517@1427] @bc t=1 used=3884 max=5415 near=0 over=0
[A:MINER#11044@1438] @bc t=1 used=2052 max=5368 near=0 over=0
[A:MINER#12659@1442] @bc t=1 used=4111 max=6882 near=0 over=0
[B:MINER#10880@1443] @bc t=1 used=3679 max=6150 near=0 over=0
[A:LANDSCAPER#11096@1444] @bc t=6 used=1783 max=7330 near=0 over=0
[A:MINER#10447@1447] @bc t=1 used=4880 max=5383 near=0 over=0
[B:MINER#12016@1447] @bc t=1 used=3828 max=6454 near=0 over=0
[B:REFINERY#12515@1449] @bc t=2 used=16 max=3948 near=0 over=0
[B:MINER#10474@1451] @bc t=1 used=2545 max=5301 near=0 over=0
[A:MINER#11265@1458] @bc t=1 used=3965 max=5723 near=0 over=0
[B:LANDSCAPER#13550@1462] @bc t=6 used=928 max=7082 near=0 over=0
[B:MINER#12467@1462] @bc t=1 used=955 max=5183 near=0 over=0
[B:MINER#12912@1467] @bc t=1 used=4014 max=5617 near=0 over=0
[A:REFINERY#11005@1472] @bc t=2 used=16 max=3946 near=0 over=0
[B:LANDSCAPER#12316@1472] @bc t=6 used=1512 max=6403 near=0 over=0
[A:MINER#13569@1478] @bc t=1 used=2714 max=5327 near=0 over=0
[A:MINER#13689@1478] @bc t=1 used=3037 max=5829 near=0 over=0
[B:MINER#10802@1487] @bc t=1 used=3821 max=5212 near=0 over=0
[B:MINER#13692@1487] @bc t=1 used=4529 max=7576 near=0 over=0
[A:MINER#12786@1498] @bc t=1 used=5008 max=5870 near=0 over=0
[A:HQ#0@1500] @econ soup=1112 built=16 minersSeen=7 ring=3 buried=0 sym=7
[A:HQ#0@1500] @bc t=0 used=1294 max=5246 near=0 over=0
[B:HQ#1@1500] @econ soup=1115 built=14 minersSeen=8 ring=4 buried=0 sym=1
[B:HQ#1@1500] @bc t=0 used=1621 max=5243 near=0 over=0
[A:MINER#13758@1500] @minerstat builder=false mined=33 deposits=24 explores=1 soupMem=11 unreachable=0
[B:MINER#12983@1500] @minerstat builder=false mined=152 deposits=19 explores=4 soupMem=12 unreachable=4
[A:MINER#12659@1500] @minerstat builder=false mined=6 deposits=6 explores=1 soupMem=12 unreachable=0
[B:MINER#10880@1500] @minerstat builder=false mined=0 deposits=0 explores=1 soupMem=4 unreachable=2
[A:LANDSCAPER#11696@1500] @wallstat seat=[3, 37] attacker=false helper=false helperDeps=0 eq=257 borrow=0 digs=630 deps=629 hqDigs=0 bury=0 elev=376
[A:LANDSCAPER#13539@1500] @wallstat seat=[3, 38] attacker=false helper=false helperDeps=0 eq=251 borrow=0 digs=621 deps=621 hqDigs=0 bury=0 elev=376
[A:LANDSCAPER#11096@1500] @wallstat seat=[3, 36] attacker=false helper=false helperDeps=0 eq=245 borrow=0 digs=613 deps=612 hqDigs=0 bury=0 elev=376
[B:LANDSCAPER#12316@1500] @wallstat seat=[35, 1] attacker=false helper=false helperDeps=0 eq=466 borrow=0 digs=467 deps=466 hqDigs=0 bury=0 elev=334
[B:LANDSCAPER#11251@1500] @wallstat seat=[36, 1] attacker=false helper=false helperDeps=0 eq=247 borrow=0 digs=582 deps=581 hqDigs=0 bury=0 elev=336
[B:LANDSCAPER#13550@1500] @wallstat seat=[36, 2] attacker=false helper=false helperDeps=0 eq=237 borrow=0 digs=555 deps=555 hqDigs=0 bury=0 elev=337
[B:LANDSCAPER#10664@1500] @wallstat seat=[36, 3] attacker=false helper=false helperDeps=0 eq=209 borrow=0 digs=530 deps=529 hqDigs=0 bury=0 elev=337
[A:MINER#10447@1500] @minerstat builder=false mined=0 deposits=0 explores=1 soupMem=4 unreachable=0
[A:MINER#11086@1500] @minerstat builder=false mined=49 deposits=4 explores=1 soupMem=8 unreachable=1
[B:MINER#10474@1500] @minerstat builder=false mined=12 deposits=1 explores=2 soupMem=4 unreachable=2
[B:MINER#12467@1500] @minerstat builder=false mined=52 deposits=4 explores=1 soupMem=12 unreachable=3
[A:MINER#13569@1500] @minerstat builder=false mined=15 deposits=1 explores=2 soupMem=8 unreachable=1
[B:MINER#11871@1500] @minerstat builder=false mined=0 deposits=0 explores=1 soupMem=8 unreachable=1
[A:MINER#11044@1500] @minerstat builder=false mined=11 deposits=2 explores=2 soupMem=4 unreachable=1
[B:MINER#10802@1500] @minerstat builder=false mined=0 deposits=0 explores=1 soupMem=12 unreachable=0
[A:MINER#12786@1500] @minerstat builder=false mined=0 deposits=0 explores=1 soupMem=10 unreachable=0
[B:MINER#12016@1500] @minerstat builder=false mined=0 deposits=0 explores=1 soupMem=11 unreachable=0
[A:MINER#11265@1500] @minerstat builder=false mined=0 deposits=0 explores=1 soupMem=10 unreachable=0
[B:MINER#11946@1500] @minerstat builder=false mined=0 deposits=0 explores=2 soupMem=12 unreachable=0
[A:MINER#10836@1500] @minerstat builder=false mined=0 deposits=0 explores=1 soupMem=10 unreachable=0
[B:MINER#12912@1500] @minerstat builder=false mined=0 deposits=0 explores=1 soupMem=11 unreachable=0
[A:MINER#13689@1500] @minerstat builder=false mined=0 deposits=0 explores=1 soupMem=12 unreachable=0
[B:MINER#10517@1500] @minerstat builder=false mined=0 deposits=0 explores=1 soupMem=12 unreachable=0
[B:MINER#13692@1500] @minerstat builder=false mined=0 deposits=0 explores=1 soupMem=11 unreachable=0
[A:MINER#13758@1502] @bc t=1 used=5987 max=7406 near=0 over=0
[A:LANDSCAPER#11696@1505] @bc t=6 used=1489 max=7030 near=0 over=0
[B:LANDSCAPER#11251@1505] @bc t=6 used=1653 max=6857 near=0 over=0
[B:MINER#11946@1507] @bc t=1 used=2106 max=5484 near=0 over=0
[B:LANDSCAPER#10664@1512] @bc t=6 used=1661 max=7295 near=0 over=0
[A:MINER#11086@1518] @bc t=1 used=5022 max=5315 near=0 over=0
[A:MINER#10836@1518] @bc t=1 used=4575 max=6185 near=0 over=0
[B:MINER#12983@1523] @bc t=1 used=955 max=6371 near=0 over=0
[A:LANDSCAPER#13539@1524] @bc t=6 used=773 max=7164 near=0 over=0
[B:MINER#11871@1527] @bc t=1 used=5681 max=6030 near=0 over=0
[B:MINER#10517@1527] @bc t=1 used=4050 max=5415 near=0 over=0
[A:MINER#11044@1538] @bc t=1 used=2678 max=5368 near=0 over=0
[A:MINER#12659@1542] @bc t=1 used=4183 max=6882 near=0 over=0
[B:MINER#10880@1543] @bc t=1 used=3560 max=6150 near=0 over=0
[A:LANDSCAPER#11096@1544] @bc t=6 used=1635 max=7330 near=0 over=0
[B:MINER#12016@1547] @bc t=1 used=3762 max=6454 near=0 over=0
[server]                    g_iter5 (B) wins (round 1547)
[server] Reason: The winning team won by enemy HQ being destroyed.
[server] -------------------- Match Finished --------------------
